

================================================================
== Vivado HLS Report for 'yolo_acc_top'
================================================================
* Date:           Sun Jan 25 20:13:58 2026

* Version:        2019.2 (Build 2704478 on Wed Nov 06 22:10:23 MST 2019)
* Project:        yolo_acc_prj
* Solution:       solution1
* Product family: zynq
* Target device:  xc7z020-clg484-1


================================================================
== Performance Estimates
================================================================
+ Timing: 
    * Summary: 
    +--------+----------+----------+------------+
    |  Clock |  Target  | Estimated| Uncertainty|
    +--------+----------+----------+------------+
    |ap_clk  | 10.00 ns | 8.632 ns |   1.25 ns  |
    +--------+----------+----------+------------+

+ Latency: 
    * Summary: 
    +---------+---------+-----------+-----------+---------+---------+---------+
    |  Latency (cycles) |   Latency (absolute)  |      Interval     | Pipeline|
    |   min   |   max   |    min    |    max    |   min   |   max   |   Type  |
    +---------+---------+-----------+-----------+---------+---------+---------+
    |  1384465|  1384465| 13.845 ms | 13.845 ms |  1384465|  1384465|   none  |
    +---------+---------+-----------+-----------+---------+---------+---------+

    + Detail: 
        * Instance: 
        +------------------------------+-------------------+---------+---------+-----------+-----------+-----+-----+----------+
        |                              |                   |  Latency (cycles) |   Latency (absolute)  |  Interval | Pipeline |
        |           Instance           |       Module      |   min   |   max   |    min    |    max    | min | max |   Type   |
        +------------------------------+-------------------+---------+---------+-----------+-----------+-----+-----+----------+
        |grp_post_process_unit_fu_395  |post_process_unit  |        2|        2| 20.000 ns | 20.000 ns |    1|    1| function |
        |grp_post_process_unit_fu_404  |post_process_unit  |        2|        2| 20.000 ns | 20.000 ns |    1|    1| function |
        +------------------------------+-------------------+---------+---------+-----------+-----------+-----+-----+----------+

        * Loop: 
        +----------+---------+---------+----------+-----------+-----------+--------+----------+
        |          |  Latency (cycles) | Iteration|  Initiation Interval  |  Trip  |          |
        | Loop Name|   min   |   max   |  Latency |  achieved |   target  |  Count | Pipelined|
        +----------+---------+---------+----------+-----------+-----------+--------+----------+
        |- Loop 1  |        8|        8|         3|          2|          1|       4|    yes   |
        |- Loop 2  |  1384452|  1384452|         7|          2|          1|  692224|    yes   |
        +----------+---------+---------+----------+-----------+-----------+--------+----------+



================================================================
== Utilization Estimates
================================================================
* Summary: 
+-----------------+---------+-------+--------+-------+-----+
|       Name      | BRAM_18K| DSP48E|   FF   |  LUT  | URAM|
+-----------------+---------+-------+--------+-------+-----+
|DSP              |        -|      1|       -|      -|    -|
|Expression       |        -|      0|       0|    859|    -|
|FIFO             |        -|      -|       -|      -|    -|
|Instance         |        0|      2|     390|    536|    -|
|Memory           |        1|      -|       0|      0|    0|
|Multiplexer      |        -|      -|       -|    311|    -|
|Register         |        0|      -|     847|    224|    -|
+-----------------+---------+-------+--------+-------+-----+
|Total            |        1|      3|    1237|   1930|    0|
+-----------------+---------+-------+--------+-------+-----+
|Available        |      280|    220|  106400|  53200|    0|
+-----------------+---------+-------+--------+-------+-----+
|Utilization (%)  |    ~0   |      1|       1|      3|    0|
+-----------------+---------+-------+--------+-------+-----+

+ Detail: 
    * Instance: 
    +-------------------------------+-----------------------------+---------+-------+-----+-----+-----+
    |            Instance           |            Module           | BRAM_18K| DSP48E|  FF | LUT | URAM|
    +-------------------------------+-----------------------------+---------+-------+-----+-----+-----+
    |grp_post_process_unit_fu_395   |post_process_unit            |        0|      1|  150|  224|    0|
    |grp_post_process_unit_fu_404   |post_process_unit            |        0|      1|  150|  224|    0|
    |yolo_acc_top_CTRL_BUS_s_axi_U  |yolo_acc_top_CTRL_BUS_s_axi  |        0|      0|   90|   88|    0|
    +-------------------------------+-----------------------------+---------+-------+-----+-----+-----+
    |Total                          |                             |        0|      2|  390|  536|    0|
    +-------------------------------+-----------------------------+---------+-------+-----+-----+-----+

    * DSP48E: 
    +-------------------------+----------------------+-----------+
    |         Instance        |        Module        | Expression|
    +-------------------------+----------------------+-----------+
    |yolo_acc_top_mul_dEe_U7  |yolo_acc_top_mul_dEe  |  i0 * i1  |
    +-------------------------+----------------------+-----------+

    * Memory: 
    +--------------------+----------------------+---------+---+----+-----+------+-----+------+-------------+
    |       Memory       |        Module        | BRAM_18K| FF| LUT| URAM| Words| Bits| Banks| W*Bits*Banks|
    +--------------------+----------------------+---------+---+----+-----+------+-----+------+-------------+
    |kernel_bias_fp_V_U  |yolo_acc_top_kerncud  |        1|  0|   0|    0|    32|   16|     1|          512|
    +--------------------+----------------------+---------+---+----+-----+------+-----+------+-------------+
    |Total               |                      |        1|  0|   0|    0|    32|   16|     1|          512|
    +--------------------+----------------------+---------+---+----+-----+------+-----+------+-------------+

    * FIFO: 
    N/A

    * Expression: 
    +----------------------------------+----------+-------+---+----+------------+------------+
    |           Variable Name          | Operation| DSP48E| FF| LUT| Bitwidth P0| Bitwidth P1|
    +----------------------------------+----------+-------+---+----+------------+------------+
    |mul_ln1354_fu_512_p2              |     *    |      0|  0|  51|           4|           9|
    |add_ln1354_1_fu_530_p2            |     +    |      0|  0|  14|          10|           2|
    |add_ln1354_fu_521_p2              |     +    |      0|  0|  14|          10|           2|
    |add_ln42_1_fu_601_p2              |     +    |      0|  0|  15|           1|           9|
    |add_ln42_fu_582_p2                |     +    |      0|  0|  29|          22|           1|
    |add_ln45_1_fu_734_p2              |     +    |      0|  0|  17|           1|          13|
    |col_idx_fu_649_p2                 |     +    |      0|  0|  15|           1|           9|
    |i_V_fu_453_p2                     |     +    |      0|  0|  13|           4|           1|
    |input_ch_idx_fu_1195_p2           |     +    |      0|  0|  13|           1|           4|
    |p_Val2_10_fu_926_p2               |     +    |      0|  0|  23|          16|          16|
    |p_Val2_12_fu_1017_p2              |     +    |      0|  0|  23|          16|          16|
    |p_Val2_15_fu_1107_p2              |     +    |      0|  0|  23|          16|          16|
    |p_Val2_6_fu_835_p2                |     +    |      0|  0|  23|          16|          16|
    |ret_V_10_fu_1003_p2               |     +    |      0|  0|  24|          17|          17|
    |ret_V_11_fu_1093_p2               |     +    |      0|  0|  24|          17|          17|
    |ret_V_8_fu_821_p2                 |     +    |      0|  0|  24|          17|          17|
    |ret_V_9_fu_912_p2                 |     +    |      0|  0|  24|          17|          17|
    |ap_block_pp0_stage1_11001         |    and   |      0|  0|   2|           1|           1|
    |ap_block_pp1_stage0_11001         |    and   |      0|  0|   2|           1|           1|
    |ap_block_pp1_stage1_01001         |    and   |      0|  0|   2|           1|           1|
    |ap_block_state12_io               |    and   |      0|  0|   2|           1|           1|
    |ap_block_state4_pp0_stage1_iter0  |    and   |      0|  0|   2|           1|           1|
    |ap_condition_488                  |    and   |      0|  0|   2|           1|           1|
    |ap_condition_75                   |    and   |      0|  0|   2|           1|           1|
    |underflow_1_fu_946_p2             |    and   |      0|  0|   2|           1|           1|
    |underflow_2_fu_1037_p2            |    and   |      0|  0|   2|           1|           1|
    |underflow_3_fu_1127_p2            |    and   |      0|  0|   2|           1|           1|
    |underflow_fu_855_p2               |    and   |      0|  0|   2|           1|           1|
    |icmp_ln25_fu_448_p2               |   icmp   |      0|  0|   9|           4|           4|
    |icmp_ln42_fu_577_p2               |   icmp   |      0|  0|  18|          22|          22|
    |icmp_ln45_fu_588_p2               |   icmp   |      0|  0|  13|          13|          13|
    |icmp_ln48_1_fu_637_p2             |   icmp   |      0|  0|   9|           4|           4|
    |icmp_ln48_fu_548_p2               |   icmp   |      0|  0|   9|           4|           1|
    |icmp_ln75_1_fu_566_p2             |   icmp   |      0|  0|  13|          10|          10|
    |icmp_ln75_2_fu_557_p2             |   icmp   |      0|  0|  13|          10|          10|
    |icmp_ln75_3_fu_542_p2             |   icmp   |      0|  0|  13|          10|           1|
    |icmp_ln75_4_fu_611_p2             |   icmp   |      0|  0|  13|          10|          10|
    |icmp_ln75_5_fu_673_p2             |   icmp   |      0|  0|  13|          10|          10|
    |icmp_ln75_fu_716_p2               |   icmp   |      0|  0|   9|           4|           3|
    |ap_block_pp1_stage1_11001         |    or    |      0|  0|   2|           1|           1|
    |ap_block_state8_pp1_stage1_iter0  |    or    |      0|  0|   2|           1|           1|
    |or_ln1598_fu_655_p2               |    or    |      0|  0|   2|           1|           1|
    |or_ln340_1_fu_964_p2              |    or    |      0|  0|   2|           1|           1|
    |or_ln340_2_fu_1055_p2             |    or    |      0|  0|   2|           1|           1|
    |or_ln340_3_fu_1145_p2             |    or    |      0|  0|   2|           1|           1|
    |or_ln340_fu_873_p2                |    or    |      0|  0|   2|           1|           1|
    |or_ln66_fu_705_p2                 |    or    |      0|  0|   6|           6|           1|
    |or_ln67_fu_1175_p2                |    or    |      0|  0|   6|           6|           2|
    |or_ln68_fu_1185_p2                |    or    |      0|  0|   6|           6|           2|
    |or_ln75_1_fu_722_p2               |    or    |      0|  0|   2|           1|           1|
    |or_ln75_2_fu_624_p2               |    or    |      0|  0|   2|           1|           1|
    |or_ln75_3_fu_678_p2               |    or    |      0|  0|   2|           1|           1|
    |or_ln75_fu_571_p2                 |    or    |      0|  0|   2|           1|           1|
    |ret_V_1_fu_496_p2                 |    or    |      0|  0|   6|           6|           1|
    |ret_V_2_fu_467_p2                 |    or    |      0|  0|   6|           6|           2|
    |ret_V_3_fu_477_p2                 |    or    |      0|  0|   6|           6|           2|
    |output_acc_0_V_fu_895_p3          |  select  |      0|  0|  16|           1|          16|
    |output_acc_1_V_fu_986_p3          |  select  |      0|  0|  16|           1|          16|
    |output_acc_2_V_fu_1077_p3         |  select  |      0|  0|  16|           1|          16|
    |output_acc_3_V_fu_1167_p3         |  select  |      0|  0|  16|           1|          16|
    |select_ln1598_1_fu_616_p3         |  select  |      0|  0|   2|           1|           1|
    |select_ln1598_2_fu_629_p3         |  select  |      0|  0|   2|           1|           1|
    |select_ln1598_3_fu_642_p3         |  select  |      0|  0|   2|           1|           1|
    |select_ln1598_4_fu_661_p3         |  select  |      0|  0|   4|           1|           1|
    |select_ln1598_5_fu_684_p3         |  select  |      0|  0|   2|           1|           1|
    |select_ln1598_fu_593_p3           |  select  |      0|  0|   9|           1|           1|
    |select_ln340_1_fu_970_p3          |  select  |      0|  0|  16|           1|          15|
    |select_ln340_2_fu_1061_p3         |  select  |      0|  0|  16|           1|          15|
    |select_ln340_3_fu_1151_p3         |  select  |      0|  0|  16|           1|          15|
    |select_ln340_fu_879_p3            |  select  |      0|  0|  16|           1|          15|
    |select_ln388_1_fu_978_p3          |  select  |      0|  0|  17|           1|          17|
    |select_ln388_2_fu_1069_p3         |  select  |      0|  0|  17|           1|          17|
    |select_ln388_3_fu_1159_p3         |  select  |      0|  0|  17|           1|          17|
    |select_ln388_fu_887_p3            |  select  |      0|  0|  17|           1|          17|
    |select_ln42_fu_740_p3             |  select  |      0|  0|   9|           1|           9|
    |select_ln45_1_fu_1200_p3          |  select  |      0|  0|  13|           1|           1|
    |select_ln45_fu_746_p3             |  select  |      0|  0|   9|           1|           9|
    |ap_enable_pp0                     |    xor   |      0|  0|   2|           1|           2|
    |ap_enable_pp1                     |    xor   |      0|  0|   2|           1|           2|
    |tmp_last_V_fu_728_p2              |    xor   |      0|  0|   2|           1|           2|
    |xor_ln340_1_fu_958_p2             |    xor   |      0|  0|   2|           1|           2|
    |xor_ln340_2_fu_1049_p2            |    xor   |      0|  0|   2|           1|           2|
    |xor_ln340_3_fu_1139_p2            |    xor   |      0|  0|   2|           1|           2|
    |xor_ln340_4_fu_861_p2             |    xor   |      0|  0|   2|           1|           1|
    |xor_ln340_5_fu_952_p2             |    xor   |      0|  0|   2|           1|           1|
    |xor_ln340_6_fu_1043_p2            |    xor   |      0|  0|   2|           1|           1|
    |xor_ln340_7_fu_1133_p2            |    xor   |      0|  0|   2|           1|           1|
    |xor_ln340_fu_867_p2               |    xor   |      0|  0|   2|           1|           2|
    |xor_ln786_1_fu_940_p2             |    xor   |      0|  0|   2|           1|           2|
    |xor_ln786_2_fu_1031_p2            |    xor   |      0|  0|   2|           1|           2|
    |xor_ln786_3_fu_1121_p2            |    xor   |      0|  0|   2|           1|           2|
    |xor_ln786_fu_849_p2               |    xor   |      0|  0|   2|           1|           2|
    +----------------------------------+----------+-------+---+----+------------+------------+
    |Total                             |          |      0|  0| 859|         381|         545|
    +----------------------------------+----------+-------+---+----+------------+------------+

    * Multiplexer: 
    +-------------------------------------------+----+-----------+-----+-----------+
    |                    Name                   | LUT| Input Size| Bits| Total Bits|
    +-------------------------------------------+----+-----------+-----+-----------+
    |ap_NS_fsm                                  |  44|          9|    1|          9|
    |ap_enable_reg_pp0_iter1                    |   9|          2|    1|          2|
    |ap_enable_reg_pp1_iter3                    |   9|          2|    1|          2|
    |ap_phi_mux_i_op_assign_1_phi_fu_377_p4     |   9|          2|    9|         18|
    |ap_phi_mux_i_op_assign_2_phi_fu_388_p4     |   9|          2|    4|          8|
    |ap_phi_mux_i_op_assign_phi_fu_354_p4       |   9|          2|    9|         18|
    |ap_phi_mux_indvar_flatten17_phi_fu_343_p4  |   9|          2|   22|         44|
    |ap_phi_mux_indvar_flatten_phi_fu_366_p4    |   9|          2|   13|         26|
    |ap_phi_mux_t_V_phi_fu_332_p4               |   9|          2|    4|          8|
    |grp_post_process_unit_fu_395_data_in_V     |  15|          3|   16|         48|
    |grp_post_process_unit_fu_404_data_in_V     |  15|          3|   16|         48|
    |i_op_assign_1_reg_373                      |   9|          2|    9|         18|
    |i_op_assign_2_reg_384                      |   9|          2|    4|          8|
    |i_op_assign_reg_350                        |   9|          2|    9|         18|
    |inStream_a_TDATA_blk_n                     |   9|          2|    1|          2|
    |inStream_b_TDATA_blk_n                     |   9|          2|    1|          2|
    |indvar_flatten17_reg_339                   |   9|          2|   22|         44|
    |indvar_flatten_reg_362                     |   9|          2|   13|         26|
    |kernel_bias_fp_V_address0                  |  27|          5|    5|         25|
    |kernel_bias_fp_V_address1                  |  27|          5|    5|         25|
    |kernel_bias_fp_V_d0                        |  15|          3|   16|         48|
    |kernel_bias_fp_V_d1                        |  15|          3|   16|         48|
    |outStream_TDATA_blk_n                      |   9|          2|    1|          2|
    |t_V_reg_328                                |   9|          2|    4|          8|
    +-------------------------------------------+----+-----------+-----+-----------+
    |Total                                      | 311|         65|  202|        505|
    +-------------------------------------------+----+-----------+-----+-----------+

    * Register: 
    +--------------------------------+----+----+-----+-----------+
    |              Name              | FF | LUT| Bits| Const Bits|
    +--------------------------------+----+----+-----+-----------+
    |add_ln1354_1_reg_1294           |  10|   0|   10|          0|
    |add_ln1354_reg_1288             |  10|   0|   10|          0|
    |add_ln42_1_reg_1335             |   9|   0|    9|          0|
    |add_ln42_reg_1319               |  22|   0|   22|          0|
    |add_ln45_1_reg_1376             |  13|   0|   13|          0|
    |ap_CS_fsm                       |   8|   0|    8|          0|
    |ap_enable_reg_pp0_iter0         |   1|   0|    1|          0|
    |ap_enable_reg_pp0_iter1         |   1|   0|    1|          0|
    |ap_enable_reg_pp1_iter0         |   1|   0|    1|          0|
    |ap_enable_reg_pp1_iter1         |   1|   0|    1|          0|
    |ap_enable_reg_pp1_iter2         |   1|   0|    1|          0|
    |ap_enable_reg_pp1_iter3         |   1|   0|    1|          0|
    |bias_en_V_read_reg_1223         |   1|   0|    1|          0|
    |col_idx_reg_1345                |   9|   0|    9|          0|
    |fold_input_ch_V_read_reg_1235   |   4|   0|    4|          0|
    |i_V_reg_1259                    |   4|   0|    4|          0|
    |i_op_assign_1_reg_373           |   9|   0|    9|          0|
    |i_op_assign_2_reg_384           |   4|   0|    4|          0|
    |i_op_assign_reg_350             |   9|   0|    9|          0|
    |icmp_ln25_reg_1255              |   1|   0|    1|          0|
    |icmp_ln42_reg_1315              |   1|   0|    1|          0|
    |icmp_ln45_reg_1324              |   1|   0|    1|          0|
    |icmp_ln48_reg_1310              |   1|   0|    1|          0|
    |icmp_ln75_3_reg_1305            |   1|   0|    1|          0|
    |indvar_flatten17_reg_339        |  22|   0|   22|          0|
    |indvar_flatten_reg_362          |  13|   0|   13|          0|
    |input_ch_idx_reg_1456           |   4|   0|    4|          0|
    |input_h_V_read_reg_1249         |   9|   0|    9|          0|
    |input_w_V_read_reg_1243         |   9|   0|    9|          0|
    |leaky_V_read_reg_1229           |   1|   0|    1|          0|
    |mul_ln1354_1_reg_1300           |  22|   0|   22|          0|
    |mul_ln1354_reg_1282             |  13|   0|   13|          0|
    |output_acc_2_V_reg_1426         |  16|   0|   16|          0|
    |output_acc_3_V_reg_1431         |  16|   0|   16|          0|
    |ret_V_reg_1264                  |   4|   0|    6|          2|
    |select_ln1598_3_reg_1340        |   1|   0|    1|          0|
    |select_ln1598_4_reg_1350        |   4|   0|    4|          0|
    |select_ln1598_reg_1330          |   9|   0|    9|          0|
    |select_ln42_reg_1381            |   9|   0|    9|          0|
    |select_ln45_1_reg_1461          |  13|   0|   13|          0|
    |select_ln45_reg_1386            |   9|   0|    9|          0|
    |shl_ln_reg_1355                 |   4|   0|    6|          2|
    |t_V_reg_328                     |   4|   0|    4|          0|
    |tmp_data_sub_data_0_s_reg_1476  |  16|   0|   16|          0|
    |tmp_data_sub_data_1_1_reg_1481  |  16|   0|   16|          0|
    |tmp_data_sub_data_2_s_reg_1272  |  16|   0|   16|          0|
    |tmp_data_sub_data_3_s_reg_1277  |  16|   0|   16|          0|
    |tmp_dest_V_reg_1411             |   6|   0|    6|          0|
    |tmp_id_V_reg_1406               |   5|   0|    5|          0|
    |tmp_keep_V_reg_1391             |   8|   0|    8|          0|
    |tmp_last_V_reg_1371             |   1|   0|    1|          0|
    |tmp_strb_V_reg_1396             |   8|   0|    8|          0|
    |tmp_user_V_reg_1401             |   2|   0|    2|          0|
    |icmp_ln42_reg_1315              |  64|  32|    1|          0|
    |tmp_dest_V_reg_1411             |  64|  32|    6|          0|
    |tmp_id_V_reg_1406               |  64|  32|    5|          0|
    |tmp_keep_V_reg_1391             |  64|  32|    8|          0|
    |tmp_last_V_reg_1371             |  64|  32|    1|          0|
    |tmp_strb_V_reg_1396             |  64|  32|    8|          0|
    |tmp_user_V_reg_1401             |  64|  32|    2|          0|
    +--------------------------------+----+----+-----+-----------+
    |Total                           | 847| 224|  434|          4|
    +--------------------------------+----+----+-----+-----------+



================================================================
== Interface
================================================================
* Summary: 
+------------------------+-----+-----+------------+---------------------+--------------+
|        RTL Ports       | Dir | Bits|  Protocol  |    Source Object    |    C Type    |
+------------------------+-----+-----+------------+---------------------+--------------+
|s_axi_CTRL_BUS_AWVALID  |  in |    1|    s_axi   |       CTRL_BUS      |    scalar    |
|s_axi_CTRL_BUS_AWREADY  | out |    1|    s_axi   |       CTRL_BUS      |    scalar    |
|s_axi_CTRL_BUS_AWADDR   |  in |    6|    s_axi   |       CTRL_BUS      |    scalar    |
|s_axi_CTRL_BUS_WVALID   |  in |    1|    s_axi   |       CTRL_BUS      |    scalar    |
|s_axi_CTRL_BUS_WREADY   | out |    1|    s_axi   |       CTRL_BUS      |    scalar    |
|s_axi_CTRL_BUS_WDATA    |  in |   32|    s_axi   |       CTRL_BUS      |    scalar    |
|s_axi_CTRL_BUS_WSTRB    |  in |    4|    s_axi   |       CTRL_BUS      |    scalar    |
|s_axi_CTRL_BUS_ARVALID  |  in |    1|    s_axi   |       CTRL_BUS      |    scalar    |
|s_axi_CTRL_BUS_ARREADY  | out |    1|    s_axi   |       CTRL_BUS      |    scalar    |
|s_axi_CTRL_BUS_ARADDR   |  in |    6|    s_axi   |       CTRL_BUS      |    scalar    |
|s_axi_CTRL_BUS_RVALID   | out |    1|    s_axi   |       CTRL_BUS      |    scalar    |
|s_axi_CTRL_BUS_RREADY   |  in |    1|    s_axi   |       CTRL_BUS      |    scalar    |
|s_axi_CTRL_BUS_RDATA    | out |   32|    s_axi   |       CTRL_BUS      |    scalar    |
|s_axi_CTRL_BUS_RRESP    | out |    2|    s_axi   |       CTRL_BUS      |    scalar    |
|s_axi_CTRL_BUS_BVALID   | out |    1|    s_axi   |       CTRL_BUS      |    scalar    |
|s_axi_CTRL_BUS_BREADY   |  in |    1|    s_axi   |       CTRL_BUS      |    scalar    |
|s_axi_CTRL_BUS_BRESP    | out |    2|    s_axi   |       CTRL_BUS      |    scalar    |
|ap_clk                  |  in |    1| ap_ctrl_hs |     yolo_acc_top    | return value |
|ap_rst_n                |  in |    1| ap_ctrl_hs |     yolo_acc_top    | return value |
|interrupt               | out |    1| ap_ctrl_hs |     yolo_acc_top    | return value |
|inStream_a_TDATA        |  in |   64|    axis    |  inStream_a_V_data  |    pointer   |
|inStream_a_TVALID       |  in |    1|    axis    | inStream_a_V_dest_V |    pointer   |
|inStream_a_TREADY       | out |    1|    axis    | inStream_a_V_dest_V |    pointer   |
|inStream_a_TDEST        |  in |    6|    axis    | inStream_a_V_dest_V |    pointer   |
|inStream_a_TKEEP        |  in |    8|    axis    | inStream_a_V_keep_V |    pointer   |
|inStream_a_TSTRB        |  in |    8|    axis    | inStream_a_V_strb_V |    pointer   |
|inStream_a_TUSER        |  in |    2|    axis    | inStream_a_V_user_V |    pointer   |
|inStream_a_TLAST        |  in |    1|    axis    | inStream_a_V_last_V |    pointer   |
|inStream_a_TID          |  in |    5|    axis    |  inStream_a_V_id_V  |    pointer   |
|inStream_b_TDATA        |  in |   64|    axis    |  inStream_b_V_data  |    pointer   |
|inStream_b_TVALID       |  in |    1|    axis    | inStream_b_V_dest_V |    pointer   |
|inStream_b_TREADY       | out |    1|    axis    | inStream_b_V_dest_V |    pointer   |
|inStream_b_TDEST        |  in |    6|    axis    | inStream_b_V_dest_V |    pointer   |
|inStream_b_TKEEP        |  in |    8|    axis    | inStream_b_V_keep_V |    pointer   |
|inStream_b_TSTRB        |  in |    8|    axis    | inStream_b_V_strb_V |    pointer   |
|inStream_b_TUSER        |  in |    2|    axis    | inStream_b_V_user_V |    pointer   |
|inStream_b_TLAST        |  in |    1|    axis    | inStream_b_V_last_V |    pointer   |
|inStream_b_TID          |  in |    5|    axis    |  inStream_b_V_id_V  |    pointer   |
|outStream_TDATA         | out |   64|    axis    |   outStream_V_data  |    pointer   |
|outStream_TVALID        | out |    1|    axis    |  outStream_V_dest_V |    pointer   |
|outStream_TREADY        |  in |    1|    axis    |  outStream_V_dest_V |    pointer   |
|outStream_TDEST         | out |    6|    axis    |  outStream_V_dest_V |    pointer   |
|outStream_TKEEP         | out |    8|    axis    |  outStream_V_keep_V |    pointer   |
|outStream_TSTRB         | out |    8|    axis    |  outStream_V_strb_V |    pointer   |
|outStream_TUSER         | out |    2|    axis    |  outStream_V_user_V |    pointer   |
|outStream_TLAST         | out |    1|    axis    |  outStream_V_last_V |    pointer   |
|outStream_TID           | out |    5|    axis    |   outStream_V_id_V  |    pointer   |
+------------------------+-----+-----+------------+---------------------+--------------+

