

================================================================
== Vivado HLS Report for 'out_stream_merge'
================================================================
* Date:           Sun Jan 25 20:10:46 2026

* Version:        2019.2 (Build 2704478 on Wed Nov 06 22:10:23 MST 2019)
* Project:        yolo_conv_prj
* Solution:       solution1
* Product family: zynq
* Target device:  xc7z020-clg484-1


================================================================
== Performance Estimates
================================================================
+ Timing: 
    * Summary: 
    +--------+---------+----------+------------+
    |  Clock |  Target | Estimated| Uncertainty|
    +--------+---------+----------+------------+
    |ap_clk  | 7.50 ns | 6.127 ns |   0.94 ns  |
    +--------+---------+----------+------------+

+ Latency: 
    * Summary: 
    +---------+---------+-----------+-----------+-----+-----+----------+
    |  Latency (cycles) |   Latency (absolute)  |  Interval | Pipeline |
    |   min   |   max   |    min    |    max    | min | max |   Type   |
    +---------+---------+-----------+-----------+-----+-----+----------+
    |        6|        6| 45.000 ns | 45.000 ns |    6|    6| function |
    +---------+---------+-----------+-----------+-----+-----+----------+

    + Detail: 
        * Instance: 
        N/A

        * Loop: 
        N/A

============================================================
+ Verbose Summary: Synthesis Manager
============================================================
InlineROM: 1
ExposeGlobal: 0
============================================================
+ Verbose Summary: CDFG Model
============================================================
IsTopModel: 0
ResetActiveHigh: 1
IsCombinational: 0
IsDatapathOnly: 0
HasWiredReturn: 1
HasMFsm: 2
HasVarLatency: 0
IsPipeline: 1
IsRtlPipelined: 1
IsInstanceOverlapped: 0
IsDontTouch: 0
HasImplIP: 0
IsGatedGlobalClock: 0

+ Individual pipeline summary: 
  * Pipeline-0: initiation interval (II) = 6, depth = 7


============================================================
+ Verbose Summary: Schedule
============================================================
* Number of FSM states : 7
* Pipeline : 1
  Pipeline-0 : II = 6, D = 7, States = { 1 2 3 4 5 6 7 }
* Dataflow Pipeline: 0

* FSM state transitions: 
1 --> 2 
2 --> 3 
3 --> 4 
4 --> 5 
5 --> 6 
6 --> 7 
7 --> 

* FSM state operations: 

State 1 <SV = 0> <Delay = 6.12>
ST_1 : Operation 8 [1/1] (0.00ns)   --->   "%fold_output_ch_read = call i4 @_ssdm_op_Read.ap_auto.i4(i4 %fold_output_ch)"   --->   Operation 8 'read' 'fold_output_ch_read' <Predicate = true> <Delay = 0.00>
ST_1 : Operation 9 [1/1] (0.00ns)   --->   "%input_ch_idx_read = call i4 @_ssdm_op_Read.ap_auto.i4(i4 %input_ch_idx)"   --->   Operation 9 'read' 'input_ch_idx_read' <Predicate = true> <Delay = 0.00>
ST_1 : Operation 10 [1/1] (0.00ns)   --->   "%shl_ln = call i7 @_ssdm_op_BitConcatenate.i7.i4.i3(i4 %input_ch_idx_read, i3 0)" [src/yolo_conv.cpp:297]   --->   Operation 10 'bitconcatenate' 'shl_ln' <Predicate = true> <Delay = 0.00>
ST_1 : Operation 11 [1/1] (0.00ns)   --->   "%zext_ln297 = zext i7 %shl_ln to i8" [src/yolo_conv.cpp:297]   --->   Operation 11 'zext' 'zext_ln297' <Predicate = true> <Delay = 0.00>
ST_1 : Operation 12 [1/1] (0.00ns)   --->   "%shl_ln297_1 = call i5 @_ssdm_op_BitConcatenate.i5.i4.i1(i4 %input_ch_idx_read, i1 false)" [src/yolo_conv.cpp:297]   --->   Operation 12 'bitconcatenate' 'shl_ln297_1' <Predicate = true> <Delay = 0.00>
ST_1 : Operation 13 [1/1] (0.00ns)   --->   "%zext_ln297_1 = zext i5 %shl_ln297_1 to i8" [src/yolo_conv.cpp:297]   --->   Operation 13 'zext' 'zext_ln297_1' <Predicate = true> <Delay = 0.00>
ST_1 : Operation 14 [1/1] (1.87ns)   --->   "%sub_ln297 = sub i8 %zext_ln297, %zext_ln297_1" [src/yolo_conv.cpp:297]   --->   Operation 14 'sub' 'sub_ln297' <Predicate = true> <Delay = 1.87> <Core = "AddSub">   --->   Core 14 'AddSub' <Latency = 0> <II = 1> <Delay = 1.91> <FuncUnit> <Opcode : 'add' 'sub'> <InPorts = 2> <OutPorts = 1>
ST_1 : Operation 15 [1/1] (0.00ns)   --->   "%sext_ln297 = sext i8 %sub_ln297 to i32" [src/yolo_conv.cpp:297]   --->   Operation 15 'sext' 'sext_ln297' <Predicate = true> <Delay = 0.00>
ST_1 : Operation 16 [1/1] (0.00ns)   --->   "%zext_ln321 = zext i4 %fold_output_ch_read to i5" [src/yolo_conv.cpp:321]   --->   Operation 16 'zext' 'zext_ln321' <Predicate = true> <Delay = 0.00>
ST_1 : Operation 17 [1/1] (1.73ns)   --->   "%add_ln321 = add i5 -1, %zext_ln321" [src/yolo_conv.cpp:321]   --->   Operation 17 'add' 'add_ln321' <Predicate = true> <Delay = 1.73> <Core = "AddSub">   --->   Core 14 'AddSub' <Latency = 0> <II = 1> <Delay = 1.91> <FuncUnit> <Opcode : 'add' 'sub'> <InPorts = 2> <OutPorts = 1>
ST_1 : Operation 18 [1/1] (0.00ns)   --->   "%sext_ln321_1 = sext i5 %add_ln321 to i8" [src/yolo_conv.cpp:321]   --->   Operation 18 'sext' 'sext_ln321_1' <Predicate = true> <Delay = 0.00>
ST_1 : Operation 19 [1/1] (0.00ns)   --->   "%trunc_ln124 = trunc i8 %sub_ln297 to i3" [src/yolo_conv.cpp:299]   --->   Operation 19 'trunc' 'trunc_ln124' <Predicate = true> <Delay = 0.00>
ST_1 : Operation 20 [1/1] (0.00ns)   --->   "%shl_ln2 = call i5 @_ssdm_op_BitConcatenate.i5.i3.i2(i3 %trunc_ln124, i2 0)" [src/yolo_conv.cpp:299]   --->   Operation 20 'bitconcatenate' 'shl_ln2' <Predicate = true> <Delay = 0.00>
ST_1 : Operation 21 [1/1] (0.00ns)   --->   "%tmp = call i5 @_ssdm_op_PartSelect.i5.i8.i32.i32(i8 %sub_ln297, i32 3, i32 7)" [src/yolo_conv.cpp:298]   --->   Operation 21 'partselect' 'tmp' <Predicate = true> <Delay = 0.00>
ST_1 : Operation 22 [1/1] (1.36ns)   --->   "%icmp_ln298 = icmp slt i5 %tmp, 1" [src/yolo_conv.cpp:298]   --->   Operation 22 'icmp' 'icmp_ln298' <Predicate = true> <Delay = 1.36> <Core = "Cmp">   --->   Core 25 'Cmp' <Latency = 0> <II = 1> <Delay = 1.55> <FuncUnit> <Opcode : 'icmp'> <InPorts = 2> <OutPorts = 1>
ST_1 : Operation 23 [1/1] (0.00ns)   --->   "br i1 %icmp_ln298, label %1, label %._crit_edge.0" [src/yolo_conv.cpp:298]   --->   Operation 23 'br' <Predicate = true> <Delay = 0.00>
ST_1 : Operation 24 [1/1] (1.36ns)   --->   "%icmp_ln124 = icmp eq i5 %shl_ln2, 0" [src/yolo_conv.cpp:299]   --->   Operation 24 'icmp' 'icmp_ln124' <Predicate = (icmp_ln298)> <Delay = 1.36> <Core = "Cmp">   --->   Core 25 'Cmp' <Latency = 0> <II = 1> <Delay = 1.55> <FuncUnit> <Opcode : 'icmp'> <InPorts = 2> <OutPorts = 1>
ST_1 : Operation 25 [1/1] (0.00ns)   --->   "br i1 %icmp_ln124, label %branch1120, label %branch1144" [src/yolo_conv.cpp:299]   --->   Operation 25 'br' <Predicate = (icmp_ln298)> <Delay = 0.00>
ST_1 : Operation 26 [1/1] (0.00ns)   --->   "%tmp_31 = call i1 @_ssdm_op_NbReadReq.ap_fifo.i16P(i16* %out_stream_group_24_V_V, i32 1)" [src/yolo_conv.cpp:299]   --->   Operation 26 'nbreadreq' 'tmp_31' <Predicate = (icmp_ln298 & !icmp_ln124)> <Delay = 0.00> <Core = "FIFO">   --->   Core 32 'FIFO' <Latency = 0> <II = 1> <Delay = 3.63> <Storage> <Opcode : 'read' 'write' 'nbread' 'nbwrite'> <Ports = 0> <Width = 16> <Depth = 2> <FIFO>
ST_1 : Operation 27 [1/1] (1.76ns)   --->   "br label %2" [src/yolo_conv.cpp:299]   --->   Operation 27 'br' <Predicate = (icmp_ln298 & !icmp_ln124)> <Delay = 1.76>
ST_1 : Operation 28 [1/1] (0.00ns)   --->   "%tmp_s = call i1 @_ssdm_op_NbReadReq.ap_fifo.i16P(i16* %out_stream_group_0_V_V, i32 1)" [src/yolo_conv.cpp:299]   --->   Operation 28 'nbreadreq' 'tmp_s' <Predicate = (icmp_ln298 & icmp_ln124)> <Delay = 0.00> <Core = "FIFO">   --->   Core 32 'FIFO' <Latency = 0> <II = 1> <Delay = 3.63> <Storage> <Opcode : 'read' 'write' 'nbread' 'nbwrite'> <Ports = 0> <Width = 16> <Depth = 2> <FIFO>
ST_1 : Operation 29 [1/1] (1.76ns)   --->   "br label %2" [src/yolo_conv.cpp:299]   --->   Operation 29 'br' <Predicate = (icmp_ln298 & icmp_ln124)> <Delay = 1.76>
ST_1 : Operation 30 [1/1] (0.00ns)   --->   "%phi_ln124 = phi i1 [ %tmp_s, %branch1120 ], [ %tmp_31, %branch1144 ]" [src/yolo_conv.cpp:299]   --->   Operation 30 'phi' 'phi_ln124' <Predicate = (icmp_ln298)> <Delay = 0.00>
ST_1 : Operation 31 [1/1] (0.00ns)   --->   "br i1 %phi_ln124, label %3, label %._crit_edge2.0" [src/yolo_conv.cpp:299]   --->   Operation 31 'br' <Predicate = (icmp_ln298)> <Delay = 0.00>
ST_1 : Operation 32 [1/1] (0.00ns)   --->   "br i1 %icmp_ln124, label %branch1088, label %branch1112" [src/yolo_conv.cpp:303]   --->   Operation 32 'br' <Predicate = (icmp_ln298 & phi_ln124)> <Delay = 0.00>
ST_1 : Operation 33 [1/1] (0.00ns) (grouped into LUT with out node icmp_ln154)   --->   "%or_ln154 = or i5 %shl_ln2, 1" [src/yolo_conv.cpp:304]   --->   Operation 33 'or' 'or_ln154' <Predicate = (icmp_ln298 & phi_ln124)> <Delay = 0.00>
ST_1 : Operation 34 [1/1] (1.36ns) (out node of the LUT)   --->   "%icmp_ln154 = icmp eq i5 %or_ln154, 1" [src/yolo_conv.cpp:304]   --->   Operation 34 'icmp' 'icmp_ln154' <Predicate = (icmp_ln298 & phi_ln124)> <Delay = 1.36> <Core = "Cmp">   --->   Core 25 'Cmp' <Latency = 0> <II = 1> <Delay = 1.55> <FuncUnit> <Opcode : 'icmp'> <InPorts = 2> <OutPorts = 1>
ST_1 : Operation 35 [1/1] (0.00ns)   --->   "br i1 %icmp_ln154, label %branch1057, label %branch1081" [src/yolo_conv.cpp:304]   --->   Operation 35 'br' <Predicate = (icmp_ln298 & phi_ln124)> <Delay = 0.00>
ST_1 : Operation 36 [1/1] (0.00ns) (grouped into LUT with out node icmp_ln154_1)   --->   "%or_ln154_1 = or i5 %shl_ln2, 2" [src/yolo_conv.cpp:305]   --->   Operation 36 'or' 'or_ln154_1' <Predicate = (icmp_ln298 & phi_ln124)> <Delay = 0.00>
ST_1 : Operation 37 [1/1] (1.36ns) (out node of the LUT)   --->   "%icmp_ln154_1 = icmp eq i5 %or_ln154_1, 2" [src/yolo_conv.cpp:305]   --->   Operation 37 'icmp' 'icmp_ln154_1' <Predicate = (icmp_ln298 & phi_ln124)> <Delay = 1.36> <Core = "Cmp">   --->   Core 25 'Cmp' <Latency = 0> <II = 1> <Delay = 1.55> <FuncUnit> <Opcode : 'icmp'> <InPorts = 2> <OutPorts = 1>
ST_1 : Operation 38 [1/1] (0.00ns)   --->   "br i1 %icmp_ln154_1, label %branch1026, label %branch1050" [src/yolo_conv.cpp:305]   --->   Operation 38 'br' <Predicate = (icmp_ln298 & phi_ln124)> <Delay = 0.00>
ST_1 : Operation 39 [1/1] (0.00ns) (grouped into LUT with out node icmp_ln124_1)   --->   "%or_ln124 = or i5 %shl_ln2, 3" [src/yolo_conv.cpp:308]   --->   Operation 39 'or' 'or_ln124' <Predicate = (icmp_ln298 & phi_ln124)> <Delay = 0.00>
ST_1 : Operation 40 [1/1] (1.36ns) (out node of the LUT)   --->   "%icmp_ln124_1 = icmp eq i5 %or_ln124, 3" [src/yolo_conv.cpp:308]   --->   Operation 40 'icmp' 'icmp_ln124_1' <Predicate = (icmp_ln298 & phi_ln124)> <Delay = 1.36> <Core = "Cmp">   --->   Core 25 'Cmp' <Latency = 0> <II = 1> <Delay = 1.55> <FuncUnit> <Opcode : 'icmp'> <InPorts = 2> <OutPorts = 1>
ST_1 : Operation 41 [1/1] (0.00ns)   --->   "br i1 %icmp_ln124_1, label %branch995, label %branch1019" [src/yolo_conv.cpp:308]   --->   Operation 41 'br' <Predicate = (icmp_ln298 & phi_ln124)> <Delay = 0.00>
ST_1 : Operation 42 [1/1] (0.00ns)   --->   "%tmp_1_1 = call i1 @_ssdm_op_NbReadReq.ap_fifo.i16P(i16* %out_stream_group_27_V_V, i32 1)" [src/yolo_conv.cpp:308]   --->   Operation 42 'nbreadreq' 'tmp_1_1' <Predicate = (icmp_ln298 & phi_ln124 & !icmp_ln124_1)> <Delay = 0.00> <Core = "FIFO">   --->   Core 32 'FIFO' <Latency = 0> <II = 1> <Delay = 3.63> <Storage> <Opcode : 'read' 'write' 'nbread' 'nbwrite'> <Ports = 0> <Width = 16> <Depth = 2> <FIFO>
ST_1 : Operation 43 [1/1] (1.76ns)   --->   "br label %7" [src/yolo_conv.cpp:308]   --->   Operation 43 'br' <Predicate = (icmp_ln298 & phi_ln124 & !icmp_ln124_1)> <Delay = 1.76>
ST_1 : Operation 44 [1/1] (0.00ns)   --->   "%tmp_1_s = call i1 @_ssdm_op_NbReadReq.ap_fifo.i16P(i16* %out_stream_group_3_V_V, i32 1)" [src/yolo_conv.cpp:308]   --->   Operation 44 'nbreadreq' 'tmp_1_s' <Predicate = (icmp_ln298 & phi_ln124 & icmp_ln124_1)> <Delay = 0.00> <Core = "FIFO">   --->   Core 32 'FIFO' <Latency = 0> <II = 1> <Delay = 3.63> <Storage> <Opcode : 'read' 'write' 'nbread' 'nbwrite'> <Ports = 0> <Width = 16> <Depth = 2> <FIFO>
ST_1 : Operation 45 [1/1] (1.76ns)   --->   "br label %7" [src/yolo_conv.cpp:308]   --->   Operation 45 'br' <Predicate = (icmp_ln298 & phi_ln124 & icmp_ln124_1)> <Delay = 1.76>
ST_1 : Operation 46 [1/1] (0.00ns)   --->   "%phi_ln124_1 = phi i1 [ %tmp_1_s, %branch995 ], [ %tmp_1_1, %branch1019 ]" [src/yolo_conv.cpp:308]   --->   Operation 46 'phi' 'phi_ln124_1' <Predicate = (icmp_ln298 & phi_ln124)> <Delay = 0.00>
ST_1 : Operation 47 [1/1] (1.81ns)   --->   "br i1 %phi_ln124_1, label %8, label %_ZN8ap_fixedILi16ELi8EL9ap_q_mode5EL9ap_o_mode3ELi0EEC1Ei.exit.0" [src/yolo_conv.cpp:308]   --->   Operation 47 'br' <Predicate = (icmp_ln298 & phi_ln124)> <Delay = 1.81>
ST_1 : Operation 48 [1/1] (0.00ns)   --->   "br i1 %icmp_ln124_1, label %branch963, label %branch987" [src/yolo_conv.cpp:310]   --->   Operation 48 'br' <Predicate = (icmp_ln298 & phi_ln124 & phi_ln124_1)> <Delay = 0.00>
ST_1 : Operation 49 [1/1] (0.00ns)   --->   "%or_ln297 = or i32 %sext_ln297, 1" [src/yolo_conv.cpp:297]   --->   Operation 49 'or' 'or_ln297' <Predicate = true> <Delay = 0.00>
ST_1 : Operation 50 [1/1] (0.00ns)   --->   "%trunc_ln298 = trunc i32 %or_ln297 to i3" [src/yolo_conv.cpp:298]   --->   Operation 50 'trunc' 'trunc_ln298' <Predicate = true> <Delay = 0.00>
ST_1 : Operation 51 [1/1] (0.00ns)   --->   "%tmp_272 = call i27 @_ssdm_op_PartSelect.i27.i32.i32.i32(i32 %or_ln297, i32 3, i32 29)" [src/yolo_conv.cpp:298]   --->   Operation 51 'partselect' 'tmp_272' <Predicate = true> <Delay = 0.00>
ST_1 : Operation 52 [1/1] (2.45ns)   --->   "%icmp_ln298_1 = icmp slt i27 %tmp_272, 1" [src/yolo_conv.cpp:298]   --->   Operation 52 'icmp' 'icmp_ln298_1' <Predicate = true> <Delay = 2.45> <Core = "Cmp">   --->   Core 25 'Cmp' <Latency = 0> <II = 1> <Delay = 1.55> <FuncUnit> <Opcode : 'icmp'> <InPorts = 2> <OutPorts = 1>
ST_1 : Operation 53 [1/1] (0.00ns)   --->   "br i1 %icmp_ln298_1, label %9, label %._crit_edge.1" [src/yolo_conv.cpp:298]   --->   Operation 53 'br' <Predicate = true> <Delay = 0.00>
ST_1 : Operation 54 [1/1] (0.00ns)   --->   "%trunc_ln124_1 = call i5 @_ssdm_op_BitConcatenate.i5.i3.i2(i3 %trunc_ln298, i2 0)" [src/yolo_conv.cpp:299]   --->   Operation 54 'bitconcatenate' 'trunc_ln124_1' <Predicate = (icmp_ln298_1)> <Delay = 0.00>
ST_1 : Operation 55 [1/1] (0.00ns)   --->   "%tmp_35 = call i1 @_ssdm_op_NbReadReq.ap_fifo.i16P(i16* %out_stream_group_20_V_V, i32 1)" [src/yolo_conv.cpp:299]   --->   Operation 55 'nbreadreq' 'tmp_35' <Predicate = (icmp_ln298_1 & trunc_ln124_1 == 20)> <Delay = 0.00> <Core = "FIFO">   --->   Core 32 'FIFO' <Latency = 0> <II = 1> <Delay = 3.63> <Storage> <Opcode : 'read' 'write' 'nbread' 'nbwrite'> <Ports = 0> <Width = 16> <Depth = 2> <FIFO>
ST_1 : Operation 56 [1/1] (1.86ns)   --->   "br label %10" [src/yolo_conv.cpp:299]   --->   Operation 56 'br' <Predicate = (icmp_ln298_1 & trunc_ln124_1 == 20)> <Delay = 1.86>
ST_1 : Operation 57 [1/1] (0.00ns)   --->   "%tmp_34 = call i1 @_ssdm_op_NbReadReq.ap_fifo.i16P(i16* %out_stream_group_4_V_V, i32 1)" [src/yolo_conv.cpp:299]   --->   Operation 57 'nbreadreq' 'tmp_34' <Predicate = (icmp_ln298_1 & trunc_ln124_1 == 4)> <Delay = 0.00> <Core = "FIFO">   --->   Core 32 'FIFO' <Latency = 0> <II = 1> <Delay = 3.63> <Storage> <Opcode : 'read' 'write' 'nbread' 'nbwrite'> <Ports = 0> <Width = 16> <Depth = 2> <FIFO>
ST_1 : Operation 58 [1/1] (1.86ns)   --->   "br label %10" [src/yolo_conv.cpp:299]   --->   Operation 58 'br' <Predicate = (icmp_ln298_1 & trunc_ln124_1 == 4)> <Delay = 1.86>
ST_1 : Operation 59 [1/1] (0.00ns)   --->   "%tmp_33 = call i1 @_ssdm_op_NbReadReq.ap_fifo.i16P(i16* %out_stream_group_12_V_V, i32 1)" [src/yolo_conv.cpp:299]   --->   Operation 59 'nbreadreq' 'tmp_33' <Predicate = (icmp_ln298_1 & trunc_ln124_1 == 12)> <Delay = 0.00> <Core = "FIFO">   --->   Core 32 'FIFO' <Latency = 0> <II = 1> <Delay = 3.63> <Storage> <Opcode : 'read' 'write' 'nbread' 'nbwrite'> <Ports = 0> <Width = 16> <Depth = 2> <FIFO>
ST_1 : Operation 60 [1/1] (1.86ns)   --->   "br label %10" [src/yolo_conv.cpp:299]   --->   Operation 60 'br' <Predicate = (icmp_ln298_1 & trunc_ln124_1 == 12)> <Delay = 1.86>
ST_1 : Operation 61 [1/1] (0.00ns)   --->   "%tmp_32 = call i1 @_ssdm_op_NbReadReq.ap_fifo.i16P(i16* %out_stream_group_28_V_V, i32 1)" [src/yolo_conv.cpp:299]   --->   Operation 61 'nbreadreq' 'tmp_32' <Predicate = (icmp_ln298_1 & trunc_ln124_1 != 12 & trunc_ln124_1 != 4 & trunc_ln124_1 != 20)> <Delay = 0.00> <Core = "FIFO">   --->   Core 32 'FIFO' <Latency = 0> <II = 1> <Delay = 3.63> <Storage> <Opcode : 'read' 'write' 'nbread' 'nbwrite'> <Ports = 0> <Width = 16> <Depth = 2> <FIFO>
ST_1 : Operation 62 [1/1] (1.86ns)   --->   "br label %10" [src/yolo_conv.cpp:299]   --->   Operation 62 'br' <Predicate = (icmp_ln298_1 & trunc_ln124_1 != 12 & trunc_ln124_1 != 4 & trunc_ln124_1 != 20)> <Delay = 1.86>
ST_1 : Operation 63 [1/1] (1.91ns)   --->   "%add_ln297 = add i8 %sub_ln297, 2" [src/yolo_conv.cpp:297]   --->   Operation 63 'add' 'add_ln297' <Predicate = true> <Delay = 1.91> <Core = "AddSub">   --->   Core 14 'AddSub' <Latency = 0> <II = 1> <Delay = 1.91> <FuncUnit> <Opcode : 'add' 'sub'> <InPorts = 2> <OutPorts = 1>
ST_1 : Operation 64 [1/1] (0.00ns)   --->   "%tmp_273 = call i5 @_ssdm_op_PartSelect.i5.i8.i32.i32(i8 %add_ln297, i32 3, i32 7)" [src/yolo_conv.cpp:298]   --->   Operation 64 'partselect' 'tmp_273' <Predicate = true> <Delay = 0.00>
ST_1 : Operation 65 [1/1] (1.36ns)   --->   "%icmp_ln298_2 = icmp slt i5 %tmp_273, 1" [src/yolo_conv.cpp:298]   --->   Operation 65 'icmp' 'icmp_ln298_2' <Predicate = true> <Delay = 1.36> <Core = "Cmp">   --->   Core 25 'Cmp' <Latency = 0> <II = 1> <Delay = 1.55> <FuncUnit> <Opcode : 'icmp'> <InPorts = 2> <OutPorts = 1>
ST_1 : Operation 66 [1/1] (0.00ns)   --->   "br i1 %icmp_ln298_2, label %branch744, label %._crit_edge.2" [src/yolo_conv.cpp:298]   --->   Operation 66 'br' <Predicate = true> <Delay = 0.00>
ST_1 : Operation 67 [1/1] (0.00ns)   --->   "%tmp_36 = call i1 @_ssdm_op_NbReadReq.ap_fifo.i16P(i16* %out_stream_group_8_V_V, i32 1)" [src/yolo_conv.cpp:299]   --->   Operation 67 'nbreadreq' 'tmp_36' <Predicate = (icmp_ln298_2)> <Delay = 0.00> <Core = "FIFO">   --->   Core 32 'FIFO' <Latency = 0> <II = 1> <Delay = 3.63> <Storage> <Opcode : 'read' 'write' 'nbread' 'nbwrite'> <Ports = 0> <Width = 16> <Depth = 2> <FIFO>
ST_1 : Operation 68 [1/1] (0.00ns)   --->   "br i1 %tmp_36, label %branch712, label %._crit_edge2.2" [src/yolo_conv.cpp:299]   --->   Operation 68 'br' <Predicate = (icmp_ln298_2)> <Delay = 0.00>
ST_1 : Operation 69 [1/1] (0.00ns)   --->   "%tmp_1_6 = call i1 @_ssdm_op_NbReadReq.ap_fifo.i16P(i16* %out_stream_group_11_V_V, i32 1)" [src/yolo_conv.cpp:308]   --->   Operation 69 'nbreadreq' 'tmp_1_6' <Predicate = (icmp_ln298_2 & tmp_36)> <Delay = 0.00> <Core = "FIFO">   --->   Core 32 'FIFO' <Latency = 0> <II = 1> <Delay = 3.63> <Storage> <Opcode : 'read' 'write' 'nbread' 'nbwrite'> <Ports = 0> <Width = 16> <Depth = 2> <FIFO>
ST_1 : Operation 70 [1/1] (1.76ns)   --->   "br i1 %tmp_1_6, label %branch587, label %_ZN8ap_fixedILi16ELi8EL9ap_q_mode5EL9ap_o_mode3ELi0EEC1Ei.exit.2" [src/yolo_conv.cpp:308]   --->   Operation 70 'br' <Predicate = (icmp_ln298_2 & tmp_36)> <Delay = 1.76>
ST_1 : Operation 71 [1/1] (1.55ns)   --->   "%icmp_ln321_2 = icmp eq i8 %add_ln297, %sext_ln321_1" [src/yolo_conv.cpp:321]   --->   Operation 71 'icmp' 'icmp_ln321_2' <Predicate = (icmp_ln298_2 & tmp_36)> <Delay = 1.55> <Core = "Cmp">   --->   Core 25 'Cmp' <Latency = 0> <II = 1> <Delay = 1.55> <FuncUnit> <Opcode : 'icmp'> <InPorts = 2> <OutPorts = 1>
ST_1 : Operation 72 [1/1] (1.91ns)   --->   "%add_ln297_2 = add i8 %sub_ln297, 4" [src/yolo_conv.cpp:297]   --->   Operation 72 'add' 'add_ln297_2' <Predicate = true> <Delay = 1.91> <Core = "AddSub">   --->   Core 14 'AddSub' <Latency = 0> <II = 1> <Delay = 1.91> <FuncUnit> <Opcode : 'add' 'sub'> <InPorts = 2> <OutPorts = 1>
ST_1 : Operation 73 [1/1] (0.00ns)   --->   "%tmp_275 = call i5 @_ssdm_op_PartSelect.i5.i8.i32.i32(i8 %add_ln297_2, i32 3, i32 7)" [src/yolo_conv.cpp:298]   --->   Operation 73 'partselect' 'tmp_275' <Predicate = true> <Delay = 0.00>
ST_1 : Operation 74 [1/1] (1.36ns)   --->   "%icmp_ln298_4 = icmp slt i5 %tmp_275, 1" [src/yolo_conv.cpp:298]   --->   Operation 74 'icmp' 'icmp_ln298_4' <Predicate = true> <Delay = 1.36> <Core = "Cmp">   --->   Core 25 'Cmp' <Latency = 0> <II = 1> <Delay = 1.55> <FuncUnit> <Opcode : 'icmp'> <InPorts = 2> <OutPorts = 1>
ST_1 : Operation 75 [1/1] (0.00ns)   --->   "br i1 %icmp_ln298_4, label %branch368, label %._crit_edge.4" [src/yolo_conv.cpp:298]   --->   Operation 75 'br' <Predicate = true> <Delay = 0.00>
ST_1 : Operation 76 [1/1] (0.00ns)   --->   "%tmp_38 = call i1 @_ssdm_op_NbReadReq.ap_fifo.i16P(i16* %out_stream_group_16_V_V, i32 1)" [src/yolo_conv.cpp:299]   --->   Operation 76 'nbreadreq' 'tmp_38' <Predicate = (icmp_ln298_4)> <Delay = 0.00> <Core = "FIFO">   --->   Core 32 'FIFO' <Latency = 0> <II = 1> <Delay = 3.63> <Storage> <Opcode : 'read' 'write' 'nbread' 'nbwrite'> <Ports = 0> <Width = 16> <Depth = 2> <FIFO>
ST_1 : Operation 77 [1/1] (0.00ns)   --->   "br i1 %tmp_38, label %branch336, label %._crit_edge2.4" [src/yolo_conv.cpp:299]   --->   Operation 77 'br' <Predicate = (icmp_ln298_4)> <Delay = 0.00>
ST_1 : Operation 78 [1/1] (0.00ns)   --->   "%tmp_1_8 = call i1 @_ssdm_op_NbReadReq.ap_fifo.i16P(i16* %out_stream_group_19_V_V, i32 1)" [src/yolo_conv.cpp:308]   --->   Operation 78 'nbreadreq' 'tmp_1_8' <Predicate = (icmp_ln298_4 & tmp_38)> <Delay = 0.00> <Core = "FIFO">   --->   Core 32 'FIFO' <Latency = 0> <II = 1> <Delay = 3.63> <Storage> <Opcode : 'read' 'write' 'nbread' 'nbwrite'> <Ports = 0> <Width = 16> <Depth = 2> <FIFO>
ST_1 : Operation 79 [1/1] (1.76ns)   --->   "br i1 %tmp_1_8, label %branch211, label %_ZN8ap_fixedILi16ELi8EL9ap_q_mode5EL9ap_o_mode3ELi0EEC1Ei.exit.4" [src/yolo_conv.cpp:308]   --->   Operation 79 'br' <Predicate = (icmp_ln298_4 & tmp_38)> <Delay = 1.76>
ST_1 : Operation 80 [1/1] (1.55ns)   --->   "%icmp_ln321_4 = icmp eq i8 %add_ln297_2, %sext_ln321_1" [src/yolo_conv.cpp:321]   --->   Operation 80 'icmp' 'icmp_ln321_4' <Predicate = (icmp_ln298_4 & tmp_38)> <Delay = 1.55> <Core = "Cmp">   --->   Core 25 'Cmp' <Latency = 0> <II = 1> <Delay = 1.55> <FuncUnit> <Opcode : 'icmp'> <InPorts = 2> <OutPorts = 1>

State 2 <SV = 1> <Delay = 5.09>
ST_2 : Operation 81 [1/1] (0.00ns)   --->   "%last_V_read = call i1 @_ssdm_op_Read.ap_auto.i1(i1 %last_V)"   --->   Operation 81 'read' 'last_V_read' <Predicate = true> <Delay = 0.00>
ST_2 : Operation 82 [1/1] (0.00ns)   --->   "%tmp_dest_V = call i6 @_ssdm_op_Read.ap_auto.i6(i6 %curr_input_dest_V)"   --->   Operation 82 'read' 'tmp_dest_V' <Predicate = true> <Delay = 0.00>
ST_2 : Operation 83 [1/1] (0.00ns)   --->   "%tmp_id_V = call i5 @_ssdm_op_Read.ap_auto.i5(i5 %curr_input_id_V)"   --->   Operation 83 'read' 'tmp_id_V' <Predicate = true> <Delay = 0.00>
ST_2 : Operation 84 [1/1] (0.00ns)   --->   "%tmp_user_V = call i2 @_ssdm_op_Read.ap_auto.i2(i2 %curr_input_user_V)"   --->   Operation 84 'read' 'tmp_user_V' <Predicate = true> <Delay = 0.00>
ST_2 : Operation 85 [1/1] (0.00ns)   --->   "%tmp_strb_V = call i8 @_ssdm_op_Read.ap_auto.i8(i8 %curr_input_strb_V)"   --->   Operation 85 'read' 'tmp_strb_V' <Predicate = true> <Delay = 0.00>
ST_2 : Operation 86 [1/1] (0.00ns)   --->   "%tmp_keep_V = call i8 @_ssdm_op_Read.ap_auto.i8(i8 %curr_input_keep_V)"   --->   Operation 86 'read' 'tmp_keep_V' <Predicate = true> <Delay = 0.00>
ST_2 : Operation 87 [1/1] (0.00ns)   --->   "%sext_ln321 = sext i5 %add_ln321 to i32" [src/yolo_conv.cpp:321]   --->   Operation 87 'sext' 'sext_ln321' <Predicate = true> <Delay = 0.00>
ST_2 : Operation 88 [1/1] (3.28ns)   --->   "%tmp_V_32 = call i16 @_ssdm_op_Read.ap_fifo.volatile.i16P(i16* %out_stream_group_24_V_V)" [src/yolo_conv.cpp:303]   --->   Operation 88 'read' 'tmp_V_32' <Predicate = (icmp_ln298 & !icmp_ln124 & phi_ln124)> <Delay = 3.28> <Core = "FIFO">   --->   Core 32 'FIFO' <Latency = 0> <II = 1> <Delay = 3.63> <Storage> <Opcode : 'read' 'write' 'nbread' 'nbwrite'> <Ports = 0> <Width = 16> <Depth = 2> <FIFO>
ST_2 : Operation 89 [1/1] (1.76ns)   --->   "br label %4" [src/yolo_conv.cpp:303]   --->   Operation 89 'br' <Predicate = (icmp_ln298 & !icmp_ln124 & phi_ln124)> <Delay = 1.76>
ST_2 : Operation 90 [1/1] (3.28ns)   --->   "%tmp_V = call i16 @_ssdm_op_Read.ap_fifo.volatile.i16P(i16* %out_stream_group_0_V_V)" [src/yolo_conv.cpp:303]   --->   Operation 90 'read' 'tmp_V' <Predicate = (icmp_ln298 & icmp_ln124 & phi_ln124)> <Delay = 3.28> <Core = "FIFO">   --->   Core 32 'FIFO' <Latency = 0> <II = 1> <Delay = 3.63> <Storage> <Opcode : 'read' 'write' 'nbread' 'nbwrite'> <Ports = 0> <Width = 16> <Depth = 2> <FIFO>
ST_2 : Operation 91 [1/1] (1.76ns)   --->   "br label %4" [src/yolo_conv.cpp:303]   --->   Operation 91 'br' <Predicate = (icmp_ln298 & icmp_ln124 & phi_ln124)> <Delay = 1.76>
ST_2 : Operation 92 [1/1] (0.00ns)   --->   "%tmp_V_load = phi i16 [ %tmp_V_32, %branch1112 ], [ %tmp_V, %branch1088 ]"   --->   Operation 92 'phi' 'tmp_V_load' <Predicate = (icmp_ln298 & phi_ln124)> <Delay = 0.00>
ST_2 : Operation 93 [1/1] (3.28ns)   --->   "%tmp_V_34 = call i16 @_ssdm_op_Read.ap_fifo.volatile.i16P(i16* %out_stream_group_25_V_V)" [src/yolo_conv.cpp:304]   --->   Operation 93 'read' 'tmp_V_34' <Predicate = (icmp_ln298 & phi_ln124 & !icmp_ln154)> <Delay = 3.28> <Core = "FIFO">   --->   Core 32 'FIFO' <Latency = 0> <II = 1> <Delay = 3.63> <Storage> <Opcode : 'read' 'write' 'nbread' 'nbwrite'> <Ports = 0> <Width = 16> <Depth = 2> <FIFO>
ST_2 : Operation 94 [1/1] (1.76ns)   --->   "br label %5" [src/yolo_conv.cpp:304]   --->   Operation 94 'br' <Predicate = (icmp_ln298 & phi_ln124 & !icmp_ln154)> <Delay = 1.76>
ST_2 : Operation 95 [1/1] (3.28ns)   --->   "%tmp_V_33 = call i16 @_ssdm_op_Read.ap_fifo.volatile.i16P(i16* %out_stream_group_1_V_V)" [src/yolo_conv.cpp:304]   --->   Operation 95 'read' 'tmp_V_33' <Predicate = (icmp_ln298 & phi_ln124 & icmp_ln154)> <Delay = 3.28> <Core = "FIFO">   --->   Core 32 'FIFO' <Latency = 0> <II = 1> <Delay = 3.63> <Storage> <Opcode : 'read' 'write' 'nbread' 'nbwrite'> <Ports = 0> <Width = 16> <Depth = 2> <FIFO>
ST_2 : Operation 96 [1/1] (1.76ns)   --->   "br label %5" [src/yolo_conv.cpp:304]   --->   Operation 96 'br' <Predicate = (icmp_ln298 & phi_ln124 & icmp_ln154)> <Delay = 1.76>
ST_2 : Operation 97 [1/1] (0.00ns)   --->   "%tmp_V_64_load = phi i16 [ %tmp_V_34, %branch1081 ], [ %tmp_V_33, %branch1057 ]"   --->   Operation 97 'phi' 'tmp_V_64_load' <Predicate = (icmp_ln298 & phi_ln124)> <Delay = 0.00>
ST_2 : Operation 98 [1/1] (3.28ns)   --->   "%tmp_V_36 = call i16 @_ssdm_op_Read.ap_fifo.volatile.i16P(i16* %out_stream_group_26_V_V)" [src/yolo_conv.cpp:305]   --->   Operation 98 'read' 'tmp_V_36' <Predicate = (icmp_ln298 & phi_ln124 & !icmp_ln154_1)> <Delay = 3.28> <Core = "FIFO">   --->   Core 32 'FIFO' <Latency = 0> <II = 1> <Delay = 3.63> <Storage> <Opcode : 'read' 'write' 'nbread' 'nbwrite'> <Ports = 0> <Width = 16> <Depth = 2> <FIFO>
ST_2 : Operation 99 [1/1] (1.76ns)   --->   "br label %6" [src/yolo_conv.cpp:305]   --->   Operation 99 'br' <Predicate = (icmp_ln298 & phi_ln124 & !icmp_ln154_1)> <Delay = 1.76>
ST_2 : Operation 100 [1/1] (3.28ns)   --->   "%tmp_V_35 = call i16 @_ssdm_op_Read.ap_fifo.volatile.i16P(i16* %out_stream_group_2_V_V)" [src/yolo_conv.cpp:305]   --->   Operation 100 'read' 'tmp_V_35' <Predicate = (icmp_ln298 & phi_ln124 & icmp_ln154_1)> <Delay = 3.28> <Core = "FIFO">   --->   Core 32 'FIFO' <Latency = 0> <II = 1> <Delay = 3.63> <Storage> <Opcode : 'read' 'write' 'nbread' 'nbwrite'> <Ports = 0> <Width = 16> <Depth = 2> <FIFO>
ST_2 : Operation 101 [1/1] (1.76ns)   --->   "br label %6" [src/yolo_conv.cpp:305]   --->   Operation 101 'br' <Predicate = (icmp_ln298 & phi_ln124 & icmp_ln154_1)> <Delay = 1.76>
ST_2 : Operation 102 [1/1] (0.00ns)   --->   "%tmp_V_65_load = phi i16 [ %tmp_V_36, %branch1050 ], [ %tmp_V_35, %branch1026 ]"   --->   Operation 102 'phi' 'tmp_V_65_load' <Predicate = (icmp_ln298 & phi_ln124)> <Delay = 0.00>
ST_2 : Operation 103 [1/1] (3.28ns)   --->   "%tmp_V_38 = call i16 @_ssdm_op_Read.ap_fifo.volatile.i16P(i16* %out_stream_group_27_V_V)" [src/yolo_conv.cpp:310]   --->   Operation 103 'read' 'tmp_V_38' <Predicate = (icmp_ln298 & phi_ln124 & !icmp_ln124_1 & phi_ln124_1)> <Delay = 3.28> <Core = "FIFO">   --->   Core 32 'FIFO' <Latency = 0> <II = 1> <Delay = 3.63> <Storage> <Opcode : 'read' 'write' 'nbread' 'nbwrite'> <Ports = 0> <Width = 16> <Depth = 2> <FIFO>
ST_2 : Operation 104 [1/1] (1.81ns)   --->   "br label %_ZN8ap_fixedILi16ELi8EL9ap_q_mode5EL9ap_o_mode3ELi0EEC1Ei.exit.0" [src/yolo_conv.cpp:310]   --->   Operation 104 'br' <Predicate = (icmp_ln298 & phi_ln124 & !icmp_ln124_1 & phi_ln124_1)> <Delay = 1.81>
ST_2 : Operation 105 [1/1] (3.28ns)   --->   "%tmp_V_37 = call i16 @_ssdm_op_Read.ap_fifo.volatile.i16P(i16* %out_stream_group_3_V_V)" [src/yolo_conv.cpp:310]   --->   Operation 105 'read' 'tmp_V_37' <Predicate = (icmp_ln298 & phi_ln124 & icmp_ln124_1 & phi_ln124_1)> <Delay = 3.28> <Core = "FIFO">   --->   Core 32 'FIFO' <Latency = 0> <II = 1> <Delay = 3.63> <Storage> <Opcode : 'read' 'write' 'nbread' 'nbwrite'> <Ports = 0> <Width = 16> <Depth = 2> <FIFO>
ST_2 : Operation 106 [1/1] (1.81ns)   --->   "br label %_ZN8ap_fixedILi16ELi8EL9ap_q_mode5EL9ap_o_mode3ELi0EEC1Ei.exit.0" [src/yolo_conv.cpp:310]   --->   Operation 106 'br' <Predicate = (icmp_ln298 & phi_ln124 & icmp_ln124_1 & phi_ln124_1)> <Delay = 1.81>
ST_2 : Operation 107 [1/1] (0.00ns)   --->   "%empty = phi i16 [ 0, %7 ], [ %tmp_V_38, %branch987 ], [ %tmp_V_37, %branch963 ]"   --->   Operation 107 'phi' 'empty' <Predicate = (icmp_ln298 & phi_ln124)> <Delay = 0.00>
ST_2 : Operation 108 [1/1] (1.55ns)   --->   "%icmp_ln321 = icmp eq i8 %sub_ln297, %sext_ln321_1" [src/yolo_conv.cpp:321]   --->   Operation 108 'icmp' 'icmp_ln321' <Predicate = (icmp_ln298 & phi_ln124)> <Delay = 1.55> <Core = "Cmp">   --->   Core 25 'Cmp' <Latency = 0> <II = 1> <Delay = 1.55> <FuncUnit> <Opcode : 'icmp'> <InPorts = 2> <OutPorts = 1>
ST_2 : Operation 109 [1/1] (0.97ns)   --->   "%tmp_last_V = and i1 %icmp_ln321, %last_V_read" [src/yolo_conv.cpp:321]   --->   Operation 109 'and' 'tmp_last_V' <Predicate = (icmp_ln298 & phi_ln124)> <Delay = 0.97> <Core = "LogicGate">   --->   Core 27 'LogicGate' <Latency = 0> <II = 1> <Delay = 0.97> <FuncUnit> <Opcode : 'and' 'or' 'xor'> <InPorts = 2> <OutPorts = 1>
ST_2 : Operation 110 [1/1] (0.00ns)   --->   "%tmp_data = call i64 @_ssdm_op_BitConcatenate.i64.i16.i16.i16.i16(i16 %empty, i16 %tmp_V_65_load, i16 %tmp_V_64_load, i16 %tmp_V_load)" [src/yolo_conv.cpp:328]   --->   Operation 110 'bitconcatenate' 'tmp_data' <Predicate = (icmp_ln298 & phi_ln124)> <Delay = 0.00>
ST_2 : Operation 111 [1/1] (0.00ns)   --->   "call void @_ssdm_op_Write.axis.volatile.i64P.i8P.i8P.i2P.i1P.i5P.i6P(i64* %outStream_V_data, i8* %outStream_V_keep_V, i8* %outStream_V_strb_V, i2* %outStream_V_user_V, i1* %outStream_V_last_V, i5* %outStream_V_id_V, i6* %outStream_V_dest_V, i64 %tmp_data, i8 %tmp_keep_V, i8 %tmp_strb_V, i2 %tmp_user_V, i1 %tmp_last_V, i5 %tmp_id_V, i6 %tmp_dest_V)" [src/yolo_conv.cpp:328]   --->   Operation 111 'write' <Predicate = (icmp_ln298 & phi_ln124)> <Delay = 0.00> <Core = "AXI4Stream">   --->   Core 5 'AXI4Stream' <Latency = 0> <II = 1> <Delay = 1.00> <Adapter> <Opcode : >
ST_2 : Operation 112 [1/1] (1.30ns)   --->   "switch i5 %trunc_ln124_1, label %branch956 [
    i5 12, label %branch940
    i5 4, label %branch932
    i5 -12, label %branch948
  ]" [src/yolo_conv.cpp:299]   --->   Operation 112 'switch' <Predicate = (icmp_ln298_1)> <Delay = 1.30>
ST_2 : Operation 113 [1/1] (0.00ns)   --->   "%phi_ln124_2 = phi i1 [ %tmp_34, %branch932 ], [ %tmp_33, %branch940 ], [ %tmp_35, %branch948 ], [ %tmp_32, %branch956 ]" [src/yolo_conv.cpp:299]   --->   Operation 113 'phi' 'phi_ln124_2' <Predicate = (icmp_ln298_1)> <Delay = 0.00>
ST_2 : Operation 114 [1/1] (0.00ns)   --->   "br i1 %phi_ln124_2, label %11, label %._crit_edge2.1" [src/yolo_conv.cpp:299]   --->   Operation 114 'br' <Predicate = (icmp_ln298_1)> <Delay = 0.00>
ST_2 : Operation 115 [1/1] (1.30ns)   --->   "switch i5 %trunc_ln124_1, label %branch924 [
    i5 12, label %branch908
    i5 4, label %branch900
    i5 -12, label %branch916
  ]" [src/yolo_conv.cpp:303]   --->   Operation 115 'switch' <Predicate = (icmp_ln298_1 & phi_ln124_2)> <Delay = 1.30>
ST_2 : Operation 116 [1/1] (0.00ns)   --->   "%or_ln154_2 = or i3 %trunc_ln124, 1" [src/yolo_conv.cpp:304]   --->   Operation 116 'or' 'or_ln154_2' <Predicate = (icmp_ln298_1 & phi_ln124_2)> <Delay = 0.00>
ST_2 : Operation 117 [1/1] (1.30ns)   --->   "switch i3 %or_ln154_2, label %branch893 [
    i3 3, label %branch877
    i3 1, label %branch869
    i3 -3, label %branch885
  ]" [src/yolo_conv.cpp:304]   --->   Operation 117 'switch' <Predicate = (icmp_ln298_1 & phi_ln124_2)> <Delay = 1.30>
ST_2 : Operation 118 [1/1] (1.30ns)   --->   "switch i3 %or_ln154_2, label %branch862 [
    i3 3, label %branch846
    i3 1, label %branch838
    i3 -3, label %branch854
  ]" [src/yolo_conv.cpp:305]   --->   Operation 118 'switch' <Predicate = (icmp_ln298_1 & phi_ln124_2)> <Delay = 1.30>
ST_2 : Operation 119 [1/1] (1.30ns)   --->   "switch i3 %or_ln154_2, label %branch831 [
    i3 3, label %branch815
    i3 1, label %branch807
    i3 -3, label %branch823
  ]" [src/yolo_conv.cpp:308]   --->   Operation 119 'switch' <Predicate = (icmp_ln298_1 & phi_ln124_2)> <Delay = 1.30>
ST_2 : Operation 120 [1/1] (0.00ns)   --->   "%tmp_1_5 = call i1 @_ssdm_op_NbReadReq.ap_fifo.i16P(i16* %out_stream_group_23_V_V, i32 1)" [src/yolo_conv.cpp:308]   --->   Operation 120 'nbreadreq' 'tmp_1_5' <Predicate = (icmp_ln298_1 & phi_ln124_2 & or_ln154_2 == 5)> <Delay = 0.00> <Core = "FIFO">   --->   Core 32 'FIFO' <Latency = 0> <II = 1> <Delay = 3.63> <Storage> <Opcode : 'read' 'write' 'nbread' 'nbwrite'> <Ports = 0> <Width = 16> <Depth = 2> <FIFO>
ST_2 : Operation 121 [1/1] (1.86ns)   --->   "br label %15" [src/yolo_conv.cpp:308]   --->   Operation 121 'br' <Predicate = (icmp_ln298_1 & phi_ln124_2 & or_ln154_2 == 5)> <Delay = 1.86>
ST_2 : Operation 122 [1/1] (0.00ns)   --->   "%tmp_1_4 = call i1 @_ssdm_op_NbReadReq.ap_fifo.i16P(i16* %out_stream_group_7_V_V, i32 1)" [src/yolo_conv.cpp:308]   --->   Operation 122 'nbreadreq' 'tmp_1_4' <Predicate = (icmp_ln298_1 & phi_ln124_2 & or_ln154_2 == 1)> <Delay = 0.00> <Core = "FIFO">   --->   Core 32 'FIFO' <Latency = 0> <II = 1> <Delay = 3.63> <Storage> <Opcode : 'read' 'write' 'nbread' 'nbwrite'> <Ports = 0> <Width = 16> <Depth = 2> <FIFO>
ST_2 : Operation 123 [1/1] (1.86ns)   --->   "br label %15" [src/yolo_conv.cpp:308]   --->   Operation 123 'br' <Predicate = (icmp_ln298_1 & phi_ln124_2 & or_ln154_2 == 1)> <Delay = 1.86>
ST_2 : Operation 124 [1/1] (0.00ns)   --->   "%tmp_1_3 = call i1 @_ssdm_op_NbReadReq.ap_fifo.i16P(i16* %out_stream_group_15_V_V, i32 1)" [src/yolo_conv.cpp:308]   --->   Operation 124 'nbreadreq' 'tmp_1_3' <Predicate = (icmp_ln298_1 & phi_ln124_2 & or_ln154_2 == 3)> <Delay = 0.00> <Core = "FIFO">   --->   Core 32 'FIFO' <Latency = 0> <II = 1> <Delay = 3.63> <Storage> <Opcode : 'read' 'write' 'nbread' 'nbwrite'> <Ports = 0> <Width = 16> <Depth = 2> <FIFO>
ST_2 : Operation 125 [1/1] (1.86ns)   --->   "br label %15" [src/yolo_conv.cpp:308]   --->   Operation 125 'br' <Predicate = (icmp_ln298_1 & phi_ln124_2 & or_ln154_2 == 3)> <Delay = 1.86>
ST_2 : Operation 126 [1/1] (0.00ns)   --->   "%tmp_1_2 = call i1 @_ssdm_op_NbReadReq.ap_fifo.i16P(i16* %out_stream_group_31_V_V, i32 1)" [src/yolo_conv.cpp:308]   --->   Operation 126 'nbreadreq' 'tmp_1_2' <Predicate = (icmp_ln298_1 & phi_ln124_2 & or_ln154_2 != 3 & or_ln154_2 != 1 & or_ln154_2 != 5)> <Delay = 0.00> <Core = "FIFO">   --->   Core 32 'FIFO' <Latency = 0> <II = 1> <Delay = 3.63> <Storage> <Opcode : 'read' 'write' 'nbread' 'nbwrite'> <Ports = 0> <Width = 16> <Depth = 2> <FIFO>
ST_2 : Operation 127 [1/1] (1.86ns)   --->   "br label %15" [src/yolo_conv.cpp:308]   --->   Operation 127 'br' <Predicate = (icmp_ln298_1 & phi_ln124_2 & or_ln154_2 != 3 & or_ln154_2 != 1 & or_ln154_2 != 5)> <Delay = 1.86>
ST_2 : Operation 128 [1/1] (0.00ns)   --->   "%phi_ln124_3 = phi i1 [ %tmp_1_4, %branch807 ], [ %tmp_1_3, %branch815 ], [ %tmp_1_5, %branch823 ], [ %tmp_1_2, %branch831 ]" [src/yolo_conv.cpp:308]   --->   Operation 128 'phi' 'phi_ln124_3' <Predicate = (icmp_ln298_1 & phi_ln124_2)> <Delay = 0.00>
ST_2 : Operation 129 [1/1] (1.90ns)   --->   "br i1 %phi_ln124_3, label %16, label %_ZN8ap_fixedILi16ELi8EL9ap_q_mode5EL9ap_o_mode3ELi0EEC1Ei.exit.1" [src/yolo_conv.cpp:308]   --->   Operation 129 'br' <Predicate = (icmp_ln298_1 & phi_ln124_2)> <Delay = 1.90>
ST_2 : Operation 130 [1/1] (1.30ns)   --->   "switch i3 %or_ln154_2, label %branch799 [
    i3 3, label %branch783
    i3 1, label %branch775
    i3 -3, label %branch791
  ]" [src/yolo_conv.cpp:310]   --->   Operation 130 'switch' <Predicate = (icmp_ln298_1 & phi_ln124_2 & phi_ln124_3)> <Delay = 1.30>
ST_2 : Operation 131 [1/1] (2.47ns)   --->   "%icmp_ln321_1 = icmp eq i32 %or_ln297, %sext_ln321" [src/yolo_conv.cpp:321]   --->   Operation 131 'icmp' 'icmp_ln321_1' <Predicate = (icmp_ln298_1 & phi_ln124_2)> <Delay = 2.47> <Core = "Cmp">   --->   Core 25 'Cmp' <Latency = 0> <II = 1> <Delay = 1.55> <FuncUnit> <Opcode : 'icmp'> <InPorts = 2> <OutPorts = 1>

State 3 <SV = 2> <Delay = 5.18>
ST_3 : Operation 132 [1/1] (3.28ns)   --->   "%tmp_V_42 = call i16 @_ssdm_op_Read.ap_fifo.volatile.i16P(i16* %out_stream_group_20_V_V)" [src/yolo_conv.cpp:303]   --->   Operation 132 'read' 'tmp_V_42' <Predicate = (icmp_ln298_1 & trunc_ln124_1 == 20 & phi_ln124_2)> <Delay = 3.28> <Core = "FIFO">   --->   Core 32 'FIFO' <Latency = 0> <II = 1> <Delay = 3.63> <Storage> <Opcode : 'read' 'write' 'nbread' 'nbwrite'> <Ports = 0> <Width = 16> <Depth = 2> <FIFO>
ST_3 : Operation 133 [1/1] (1.86ns)   --->   "br label %12" [src/yolo_conv.cpp:303]   --->   Operation 133 'br' <Predicate = (icmp_ln298_1 & trunc_ln124_1 == 20 & phi_ln124_2)> <Delay = 1.86>
ST_3 : Operation 134 [1/1] (3.28ns)   --->   "%tmp_V_41 = call i16 @_ssdm_op_Read.ap_fifo.volatile.i16P(i16* %out_stream_group_4_V_V)" [src/yolo_conv.cpp:303]   --->   Operation 134 'read' 'tmp_V_41' <Predicate = (icmp_ln298_1 & trunc_ln124_1 == 4 & phi_ln124_2)> <Delay = 3.28> <Core = "FIFO">   --->   Core 32 'FIFO' <Latency = 0> <II = 1> <Delay = 3.63> <Storage> <Opcode : 'read' 'write' 'nbread' 'nbwrite'> <Ports = 0> <Width = 16> <Depth = 2> <FIFO>
ST_3 : Operation 135 [1/1] (1.86ns)   --->   "br label %12" [src/yolo_conv.cpp:303]   --->   Operation 135 'br' <Predicate = (icmp_ln298_1 & trunc_ln124_1 == 4 & phi_ln124_2)> <Delay = 1.86>
ST_3 : Operation 136 [1/1] (3.28ns)   --->   "%tmp_V_40 = call i16 @_ssdm_op_Read.ap_fifo.volatile.i16P(i16* %out_stream_group_12_V_V)" [src/yolo_conv.cpp:303]   --->   Operation 136 'read' 'tmp_V_40' <Predicate = (icmp_ln298_1 & trunc_ln124_1 == 12 & phi_ln124_2)> <Delay = 3.28> <Core = "FIFO">   --->   Core 32 'FIFO' <Latency = 0> <II = 1> <Delay = 3.63> <Storage> <Opcode : 'read' 'write' 'nbread' 'nbwrite'> <Ports = 0> <Width = 16> <Depth = 2> <FIFO>
ST_3 : Operation 137 [1/1] (1.86ns)   --->   "br label %12" [src/yolo_conv.cpp:303]   --->   Operation 137 'br' <Predicate = (icmp_ln298_1 & trunc_ln124_1 == 12 & phi_ln124_2)> <Delay = 1.86>
ST_3 : Operation 138 [1/1] (3.28ns)   --->   "%tmp_V_39 = call i16 @_ssdm_op_Read.ap_fifo.volatile.i16P(i16* %out_stream_group_28_V_V)" [src/yolo_conv.cpp:303]   --->   Operation 138 'read' 'tmp_V_39' <Predicate = (icmp_ln298_1 & trunc_ln124_1 != 12 & trunc_ln124_1 != 4 & trunc_ln124_1 != 20 & phi_ln124_2)> <Delay = 3.28> <Core = "FIFO">   --->   Core 32 'FIFO' <Latency = 0> <II = 1> <Delay = 3.63> <Storage> <Opcode : 'read' 'write' 'nbread' 'nbwrite'> <Ports = 0> <Width = 16> <Depth = 2> <FIFO>
ST_3 : Operation 139 [1/1] (1.86ns)   --->   "br label %12" [src/yolo_conv.cpp:303]   --->   Operation 139 'br' <Predicate = (icmp_ln298_1 & trunc_ln124_1 != 12 & trunc_ln124_1 != 4 & trunc_ln124_1 != 20 & phi_ln124_2)> <Delay = 1.86>
ST_3 : Operation 140 [1/1] (0.00ns)   --->   "%tmp_V_load_1 = phi i16 [ %tmp_V_39, %branch924 ], [ %tmp_V_42, %branch916 ], [ %tmp_V_40, %branch908 ], [ %tmp_V_41, %branch900 ]"   --->   Operation 140 'phi' 'tmp_V_load_1' <Predicate = (icmp_ln298_1 & phi_ln124_2)> <Delay = 0.00>
ST_3 : Operation 141 [1/1] (3.28ns)   --->   "%tmp_V_46 = call i16 @_ssdm_op_Read.ap_fifo.volatile.i16P(i16* %out_stream_group_21_V_V)" [src/yolo_conv.cpp:304]   --->   Operation 141 'read' 'tmp_V_46' <Predicate = (icmp_ln298_1 & phi_ln124_2 & or_ln154_2 == 5)> <Delay = 3.28> <Core = "FIFO">   --->   Core 32 'FIFO' <Latency = 0> <II = 1> <Delay = 3.63> <Storage> <Opcode : 'read' 'write' 'nbread' 'nbwrite'> <Ports = 0> <Width = 16> <Depth = 2> <FIFO>
ST_3 : Operation 142 [1/1] (1.86ns)   --->   "br label %13" [src/yolo_conv.cpp:304]   --->   Operation 142 'br' <Predicate = (icmp_ln298_1 & phi_ln124_2 & or_ln154_2 == 5)> <Delay = 1.86>
ST_3 : Operation 143 [1/1] (3.28ns)   --->   "%tmp_V_45 = call i16 @_ssdm_op_Read.ap_fifo.volatile.i16P(i16* %out_stream_group_5_V_V)" [src/yolo_conv.cpp:304]   --->   Operation 143 'read' 'tmp_V_45' <Predicate = (icmp_ln298_1 & phi_ln124_2 & or_ln154_2 == 1)> <Delay = 3.28> <Core = "FIFO">   --->   Core 32 'FIFO' <Latency = 0> <II = 1> <Delay = 3.63> <Storage> <Opcode : 'read' 'write' 'nbread' 'nbwrite'> <Ports = 0> <Width = 16> <Depth = 2> <FIFO>
ST_3 : Operation 144 [1/1] (1.86ns)   --->   "br label %13" [src/yolo_conv.cpp:304]   --->   Operation 144 'br' <Predicate = (icmp_ln298_1 & phi_ln124_2 & or_ln154_2 == 1)> <Delay = 1.86>
ST_3 : Operation 145 [1/1] (3.28ns)   --->   "%tmp_V_44 = call i16 @_ssdm_op_Read.ap_fifo.volatile.i16P(i16* %out_stream_group_13_V_V)" [src/yolo_conv.cpp:304]   --->   Operation 145 'read' 'tmp_V_44' <Predicate = (icmp_ln298_1 & phi_ln124_2 & or_ln154_2 == 3)> <Delay = 3.28> <Core = "FIFO">   --->   Core 32 'FIFO' <Latency = 0> <II = 1> <Delay = 3.63> <Storage> <Opcode : 'read' 'write' 'nbread' 'nbwrite'> <Ports = 0> <Width = 16> <Depth = 2> <FIFO>
ST_3 : Operation 146 [1/1] (1.86ns)   --->   "br label %13" [src/yolo_conv.cpp:304]   --->   Operation 146 'br' <Predicate = (icmp_ln298_1 & phi_ln124_2 & or_ln154_2 == 3)> <Delay = 1.86>
ST_3 : Operation 147 [1/1] (3.28ns)   --->   "%tmp_V_43 = call i16 @_ssdm_op_Read.ap_fifo.volatile.i16P(i16* %out_stream_group_29_V_V)" [src/yolo_conv.cpp:304]   --->   Operation 147 'read' 'tmp_V_43' <Predicate = (icmp_ln298_1 & phi_ln124_2 & or_ln154_2 != 3 & or_ln154_2 != 1 & or_ln154_2 != 5)> <Delay = 3.28> <Core = "FIFO">   --->   Core 32 'FIFO' <Latency = 0> <II = 1> <Delay = 3.63> <Storage> <Opcode : 'read' 'write' 'nbread' 'nbwrite'> <Ports = 0> <Width = 16> <Depth = 2> <FIFO>
ST_3 : Operation 148 [1/1] (1.86ns)   --->   "br label %13" [src/yolo_conv.cpp:304]   --->   Operation 148 'br' <Predicate = (icmp_ln298_1 & phi_ln124_2 & or_ln154_2 != 3 & or_ln154_2 != 1 & or_ln154_2 != 5)> <Delay = 1.86>
ST_3 : Operation 149 [1/1] (0.00ns)   --->   "%tmp_V_64_load_1 = phi i16 [ %tmp_V_43, %branch893 ], [ %tmp_V_46, %branch885 ], [ %tmp_V_44, %branch877 ], [ %tmp_V_45, %branch869 ]"   --->   Operation 149 'phi' 'tmp_V_64_load_1' <Predicate = (icmp_ln298_1 & phi_ln124_2)> <Delay = 0.00>
ST_3 : Operation 150 [1/1] (3.28ns)   --->   "%tmp_V_50 = call i16 @_ssdm_op_Read.ap_fifo.volatile.i16P(i16* %out_stream_group_22_V_V)" [src/yolo_conv.cpp:305]   --->   Operation 150 'read' 'tmp_V_50' <Predicate = (icmp_ln298_1 & phi_ln124_2 & or_ln154_2 == 5)> <Delay = 3.28> <Core = "FIFO">   --->   Core 32 'FIFO' <Latency = 0> <II = 1> <Delay = 3.63> <Storage> <Opcode : 'read' 'write' 'nbread' 'nbwrite'> <Ports = 0> <Width = 16> <Depth = 2> <FIFO>
ST_3 : Operation 151 [1/1] (1.86ns)   --->   "br label %14" [src/yolo_conv.cpp:305]   --->   Operation 151 'br' <Predicate = (icmp_ln298_1 & phi_ln124_2 & or_ln154_2 == 5)> <Delay = 1.86>
ST_3 : Operation 152 [1/1] (3.28ns)   --->   "%tmp_V_49 = call i16 @_ssdm_op_Read.ap_fifo.volatile.i16P(i16* %out_stream_group_6_V_V)" [src/yolo_conv.cpp:305]   --->   Operation 152 'read' 'tmp_V_49' <Predicate = (icmp_ln298_1 & phi_ln124_2 & or_ln154_2 == 1)> <Delay = 3.28> <Core = "FIFO">   --->   Core 32 'FIFO' <Latency = 0> <II = 1> <Delay = 3.63> <Storage> <Opcode : 'read' 'write' 'nbread' 'nbwrite'> <Ports = 0> <Width = 16> <Depth = 2> <FIFO>
ST_3 : Operation 153 [1/1] (1.86ns)   --->   "br label %14" [src/yolo_conv.cpp:305]   --->   Operation 153 'br' <Predicate = (icmp_ln298_1 & phi_ln124_2 & or_ln154_2 == 1)> <Delay = 1.86>
ST_3 : Operation 154 [1/1] (3.28ns)   --->   "%tmp_V_48 = call i16 @_ssdm_op_Read.ap_fifo.volatile.i16P(i16* %out_stream_group_14_V_V)" [src/yolo_conv.cpp:305]   --->   Operation 154 'read' 'tmp_V_48' <Predicate = (icmp_ln298_1 & phi_ln124_2 & or_ln154_2 == 3)> <Delay = 3.28> <Core = "FIFO">   --->   Core 32 'FIFO' <Latency = 0> <II = 1> <Delay = 3.63> <Storage> <Opcode : 'read' 'write' 'nbread' 'nbwrite'> <Ports = 0> <Width = 16> <Depth = 2> <FIFO>
ST_3 : Operation 155 [1/1] (1.86ns)   --->   "br label %14" [src/yolo_conv.cpp:305]   --->   Operation 155 'br' <Predicate = (icmp_ln298_1 & phi_ln124_2 & or_ln154_2 == 3)> <Delay = 1.86>
ST_3 : Operation 156 [1/1] (3.28ns)   --->   "%tmp_V_47 = call i16 @_ssdm_op_Read.ap_fifo.volatile.i16P(i16* %out_stream_group_30_V_V)" [src/yolo_conv.cpp:305]   --->   Operation 156 'read' 'tmp_V_47' <Predicate = (icmp_ln298_1 & phi_ln124_2 & or_ln154_2 != 3 & or_ln154_2 != 1 & or_ln154_2 != 5)> <Delay = 3.28> <Core = "FIFO">   --->   Core 32 'FIFO' <Latency = 0> <II = 1> <Delay = 3.63> <Storage> <Opcode : 'read' 'write' 'nbread' 'nbwrite'> <Ports = 0> <Width = 16> <Depth = 2> <FIFO>
ST_3 : Operation 157 [1/1] (1.86ns)   --->   "br label %14" [src/yolo_conv.cpp:305]   --->   Operation 157 'br' <Predicate = (icmp_ln298_1 & phi_ln124_2 & or_ln154_2 != 3 & or_ln154_2 != 1 & or_ln154_2 != 5)> <Delay = 1.86>
ST_3 : Operation 158 [1/1] (0.00ns)   --->   "%tmp_V_65_load_1 = phi i16 [ %tmp_V_47, %branch862 ], [ %tmp_V_50, %branch854 ], [ %tmp_V_48, %branch846 ], [ %tmp_V_49, %branch838 ]"   --->   Operation 158 'phi' 'tmp_V_65_load_1' <Predicate = (icmp_ln298_1 & phi_ln124_2)> <Delay = 0.00>
ST_3 : Operation 159 [1/1] (3.28ns)   --->   "%tmp_V_54 = call i16 @_ssdm_op_Read.ap_fifo.volatile.i16P(i16* %out_stream_group_23_V_V)" [src/yolo_conv.cpp:310]   --->   Operation 159 'read' 'tmp_V_54' <Predicate = (icmp_ln298_1 & phi_ln124_2 & or_ln154_2 == 5 & phi_ln124_3)> <Delay = 3.28> <Core = "FIFO">   --->   Core 32 'FIFO' <Latency = 0> <II = 1> <Delay = 3.63> <Storage> <Opcode : 'read' 'write' 'nbread' 'nbwrite'> <Ports = 0> <Width = 16> <Depth = 2> <FIFO>
ST_3 : Operation 160 [1/1] (1.90ns)   --->   "br label %_ZN8ap_fixedILi16ELi8EL9ap_q_mode5EL9ap_o_mode3ELi0EEC1Ei.exit.1" [src/yolo_conv.cpp:310]   --->   Operation 160 'br' <Predicate = (icmp_ln298_1 & phi_ln124_2 & or_ln154_2 == 5 & phi_ln124_3)> <Delay = 1.90>
ST_3 : Operation 161 [1/1] (3.28ns)   --->   "%tmp_V_53 = call i16 @_ssdm_op_Read.ap_fifo.volatile.i16P(i16* %out_stream_group_7_V_V)" [src/yolo_conv.cpp:310]   --->   Operation 161 'read' 'tmp_V_53' <Predicate = (icmp_ln298_1 & phi_ln124_2 & or_ln154_2 == 1 & phi_ln124_3)> <Delay = 3.28> <Core = "FIFO">   --->   Core 32 'FIFO' <Latency = 0> <II = 1> <Delay = 3.63> <Storage> <Opcode : 'read' 'write' 'nbread' 'nbwrite'> <Ports = 0> <Width = 16> <Depth = 2> <FIFO>
ST_3 : Operation 162 [1/1] (1.90ns)   --->   "br label %_ZN8ap_fixedILi16ELi8EL9ap_q_mode5EL9ap_o_mode3ELi0EEC1Ei.exit.1" [src/yolo_conv.cpp:310]   --->   Operation 162 'br' <Predicate = (icmp_ln298_1 & phi_ln124_2 & or_ln154_2 == 1 & phi_ln124_3)> <Delay = 1.90>
ST_3 : Operation 163 [1/1] (3.28ns)   --->   "%tmp_V_52 = call i16 @_ssdm_op_Read.ap_fifo.volatile.i16P(i16* %out_stream_group_15_V_V)" [src/yolo_conv.cpp:310]   --->   Operation 163 'read' 'tmp_V_52' <Predicate = (icmp_ln298_1 & phi_ln124_2 & or_ln154_2 == 3 & phi_ln124_3)> <Delay = 3.28> <Core = "FIFO">   --->   Core 32 'FIFO' <Latency = 0> <II = 1> <Delay = 3.63> <Storage> <Opcode : 'read' 'write' 'nbread' 'nbwrite'> <Ports = 0> <Width = 16> <Depth = 2> <FIFO>
ST_3 : Operation 164 [1/1] (1.90ns)   --->   "br label %_ZN8ap_fixedILi16ELi8EL9ap_q_mode5EL9ap_o_mode3ELi0EEC1Ei.exit.1" [src/yolo_conv.cpp:310]   --->   Operation 164 'br' <Predicate = (icmp_ln298_1 & phi_ln124_2 & or_ln154_2 == 3 & phi_ln124_3)> <Delay = 1.90>
ST_3 : Operation 165 [1/1] (3.28ns)   --->   "%tmp_V_51 = call i16 @_ssdm_op_Read.ap_fifo.volatile.i16P(i16* %out_stream_group_31_V_V)" [src/yolo_conv.cpp:310]   --->   Operation 165 'read' 'tmp_V_51' <Predicate = (icmp_ln298_1 & phi_ln124_2 & or_ln154_2 != 3 & or_ln154_2 != 1 & or_ln154_2 != 5 & phi_ln124_3)> <Delay = 3.28> <Core = "FIFO">   --->   Core 32 'FIFO' <Latency = 0> <II = 1> <Delay = 3.63> <Storage> <Opcode : 'read' 'write' 'nbread' 'nbwrite'> <Ports = 0> <Width = 16> <Depth = 2> <FIFO>
ST_3 : Operation 166 [1/1] (1.90ns)   --->   "br label %_ZN8ap_fixedILi16ELi8EL9ap_q_mode5EL9ap_o_mode3ELi0EEC1Ei.exit.1" [src/yolo_conv.cpp:310]   --->   Operation 166 'br' <Predicate = (icmp_ln298_1 & phi_ln124_2 & or_ln154_2 != 3 & or_ln154_2 != 1 & or_ln154_2 != 5 & phi_ln124_3)> <Delay = 1.90>
ST_3 : Operation 167 [1/1] (0.00ns)   --->   "%empty_51 = phi i16 [ 0, %15 ], [ %tmp_V_51, %branch799 ], [ %tmp_V_54, %branch791 ], [ %tmp_V_52, %branch783 ], [ %tmp_V_53, %branch775 ]"   --->   Operation 167 'phi' 'empty_51' <Predicate = (icmp_ln298_1 & phi_ln124_2)> <Delay = 0.00>
ST_3 : Operation 168 [1/1] (0.97ns)   --->   "%tmp_last_V_1 = and i1 %icmp_ln321_1, %last_V_read" [src/yolo_conv.cpp:321]   --->   Operation 168 'and' 'tmp_last_V_1' <Predicate = (icmp_ln298_1 & phi_ln124_2)> <Delay = 0.97> <Core = "LogicGate">   --->   Core 27 'LogicGate' <Latency = 0> <II = 1> <Delay = 0.97> <FuncUnit> <Opcode : 'and' 'or' 'xor'> <InPorts = 2> <OutPorts = 1>
ST_3 : Operation 169 [1/1] (0.00ns)   --->   "%tmp_data_1 = call i64 @_ssdm_op_BitConcatenate.i64.i16.i16.i16.i16(i16 %empty_51, i16 %tmp_V_65_load_1, i16 %tmp_V_64_load_1, i16 %tmp_V_load_1)" [src/yolo_conv.cpp:328]   --->   Operation 169 'bitconcatenate' 'tmp_data_1' <Predicate = (icmp_ln298_1 & phi_ln124_2)> <Delay = 0.00>
ST_3 : Operation 170 [1/1] (0.00ns)   --->   "call void @_ssdm_op_Write.axis.volatile.i64P.i8P.i8P.i2P.i1P.i5P.i6P(i64* %outStream_V_data, i8* %outStream_V_keep_V, i8* %outStream_V_strb_V, i2* %outStream_V_user_V, i1* %outStream_V_last_V, i5* %outStream_V_id_V, i6* %outStream_V_dest_V, i64 %tmp_data_1, i8 %tmp_keep_V, i8 %tmp_strb_V, i2 %tmp_user_V, i1 %tmp_last_V_1, i5 %tmp_id_V, i6 %tmp_dest_V)" [src/yolo_conv.cpp:328]   --->   Operation 170 'write' <Predicate = (icmp_ln298_1 & phi_ln124_2)> <Delay = 0.00> <Core = "AXI4Stream">   --->   Core 5 'AXI4Stream' <Latency = 0> <II = 1> <Delay = 1.00> <Adapter> <Opcode : >
ST_3 : Operation 171 [1/1] (3.28ns)   --->   "%tmp_V_58 = call i16 @_ssdm_op_Read.ap_fifo.volatile.i16P(i16* %out_stream_group_11_V_V)" [src/yolo_conv.cpp:310]   --->   Operation 171 'read' 'tmp_V_58' <Predicate = (icmp_ln298_2 & tmp_36 & tmp_1_6)> <Delay = 3.28> <Core = "FIFO">   --->   Core 32 'FIFO' <Latency = 0> <II = 1> <Delay = 3.63> <Storage> <Opcode : 'read' 'write' 'nbread' 'nbwrite'> <Ports = 0> <Width = 16> <Depth = 2> <FIFO>
ST_3 : Operation 172 [1/1] (1.76ns)   --->   "br label %_ZN8ap_fixedILi16ELi8EL9ap_q_mode5EL9ap_o_mode3ELi0EEC1Ei.exit.2" [src/yolo_conv.cpp:311]   --->   Operation 172 'br' <Predicate = (icmp_ln298_2 & tmp_36 & tmp_1_6)> <Delay = 1.76>

State 4 <SV = 3> <Delay = 4.44>
ST_4 : Operation 173 [1/1] (3.28ns)   --->   "%tmp_V_55 = call i16 @_ssdm_op_Read.ap_fifo.volatile.i16P(i16* %out_stream_group_8_V_V)" [src/yolo_conv.cpp:303]   --->   Operation 173 'read' 'tmp_V_55' <Predicate = (icmp_ln298_2 & tmp_36)> <Delay = 3.28> <Core = "FIFO">   --->   Core 32 'FIFO' <Latency = 0> <II = 1> <Delay = 3.63> <Storage> <Opcode : 'read' 'write' 'nbread' 'nbwrite'> <Ports = 0> <Width = 16> <Depth = 2> <FIFO>
ST_4 : Operation 174 [1/1] (3.28ns)   --->   "%tmp_V_56 = call i16 @_ssdm_op_Read.ap_fifo.volatile.i16P(i16* %out_stream_group_9_V_V)" [src/yolo_conv.cpp:304]   --->   Operation 174 'read' 'tmp_V_56' <Predicate = (icmp_ln298_2 & tmp_36)> <Delay = 3.28> <Core = "FIFO">   --->   Core 32 'FIFO' <Latency = 0> <II = 1> <Delay = 3.63> <Storage> <Opcode : 'read' 'write' 'nbread' 'nbwrite'> <Ports = 0> <Width = 16> <Depth = 2> <FIFO>
ST_4 : Operation 175 [1/1] (3.28ns)   --->   "%tmp_V_57 = call i16 @_ssdm_op_Read.ap_fifo.volatile.i16P(i16* %out_stream_group_10_V_V)" [src/yolo_conv.cpp:305]   --->   Operation 175 'read' 'tmp_V_57' <Predicate = (icmp_ln298_2 & tmp_36)> <Delay = 3.28> <Core = "FIFO">   --->   Core 32 'FIFO' <Latency = 0> <II = 1> <Delay = 3.63> <Storage> <Opcode : 'read' 'write' 'nbread' 'nbwrite'> <Ports = 0> <Width = 16> <Depth = 2> <FIFO>
ST_4 : Operation 176 [1/1] (0.00ns)   --->   "%empty_52 = phi i16 [ %tmp_V_58, %branch587 ], [ 0, %branch712 ]"   --->   Operation 176 'phi' 'empty_52' <Predicate = (icmp_ln298_2 & tmp_36)> <Delay = 0.00>
ST_4 : Operation 177 [1/1] (0.97ns)   --->   "%tmp_last_V_2 = and i1 %icmp_ln321_2, %last_V_read" [src/yolo_conv.cpp:321]   --->   Operation 177 'and' 'tmp_last_V_2' <Predicate = (icmp_ln298_2 & tmp_36)> <Delay = 0.97> <Core = "LogicGate">   --->   Core 27 'LogicGate' <Latency = 0> <II = 1> <Delay = 0.97> <FuncUnit> <Opcode : 'and' 'or' 'xor'> <InPorts = 2> <OutPorts = 1>
ST_4 : Operation 178 [1/1] (0.00ns)   --->   "%tmp_data_2 = call i64 @_ssdm_op_BitConcatenate.i64.i16.i16.i16.i16(i16 %empty_52, i16 %tmp_V_57, i16 %tmp_V_56, i16 %tmp_V_55)" [src/yolo_conv.cpp:328]   --->   Operation 178 'bitconcatenate' 'tmp_data_2' <Predicate = (icmp_ln298_2 & tmp_36)> <Delay = 0.00>
ST_4 : Operation 179 [1/1] (0.00ns)   --->   "call void @_ssdm_op_Write.axis.volatile.i64P.i8P.i8P.i2P.i1P.i5P.i6P(i64* %outStream_V_data, i8* %outStream_V_keep_V, i8* %outStream_V_strb_V, i2* %outStream_V_user_V, i1* %outStream_V_last_V, i5* %outStream_V_id_V, i6* %outStream_V_dest_V, i64 %tmp_data_2, i8 %tmp_keep_V, i8 %tmp_strb_V, i2 %tmp_user_V, i1 %tmp_last_V_2, i5 %tmp_id_V, i6 %tmp_dest_V)" [src/yolo_conv.cpp:328]   --->   Operation 179 'write' <Predicate = (icmp_ln298_2 & tmp_36)> <Delay = 0.00> <Core = "AXI4Stream">   --->   Core 5 'AXI4Stream' <Latency = 0> <II = 1> <Delay = 1.00> <Adapter> <Opcode : >
ST_4 : Operation 180 [1/1] (1.91ns)   --->   "%add_ln297_1 = add i8 %sub_ln297, 3" [src/yolo_conv.cpp:297]   --->   Operation 180 'add' 'add_ln297_1' <Predicate = true> <Delay = 1.91> <Core = "AddSub">   --->   Core 14 'AddSub' <Latency = 0> <II = 1> <Delay = 1.91> <FuncUnit> <Opcode : 'add' 'sub'> <InPorts = 2> <OutPorts = 1>
ST_4 : Operation 181 [1/1] (0.00ns)   --->   "%tmp_274 = call i5 @_ssdm_op_PartSelect.i5.i8.i32.i32(i8 %add_ln297_1, i32 3, i32 7)" [src/yolo_conv.cpp:298]   --->   Operation 181 'partselect' 'tmp_274' <Predicate = true> <Delay = 0.00>
ST_4 : Operation 182 [1/1] (1.36ns)   --->   "%icmp_ln298_3 = icmp slt i5 %tmp_274, 1" [src/yolo_conv.cpp:298]   --->   Operation 182 'icmp' 'icmp_ln298_3' <Predicate = true> <Delay = 1.36> <Core = "Cmp">   --->   Core 25 'Cmp' <Latency = 0> <II = 1> <Delay = 1.55> <FuncUnit> <Opcode : 'icmp'> <InPorts = 2> <OutPorts = 1>
ST_4 : Operation 183 [1/1] (0.00ns)   --->   "br i1 %icmp_ln298_3, label %branch556, label %._crit_edge.3" [src/yolo_conv.cpp:298]   --->   Operation 183 'br' <Predicate = true> <Delay = 0.00>
ST_4 : Operation 184 [1/1] (0.00ns)   --->   "%tmp_37 = call i1 @_ssdm_op_NbReadReq.ap_fifo.i16P(i16* %out_stream_group_12_V_V, i32 1)" [src/yolo_conv.cpp:299]   --->   Operation 184 'nbreadreq' 'tmp_37' <Predicate = (icmp_ln298_3)> <Delay = 0.00> <Core = "FIFO">   --->   Core 32 'FIFO' <Latency = 0> <II = 1> <Delay = 3.63> <Storage> <Opcode : 'read' 'write' 'nbread' 'nbwrite'> <Ports = 0> <Width = 16> <Depth = 2> <FIFO>
ST_4 : Operation 185 [1/1] (0.00ns)   --->   "%tmp_1_7 = call i1 @_ssdm_op_NbReadReq.ap_fifo.i16P(i16* %out_stream_group_15_V_V, i32 1)" [src/yolo_conv.cpp:308]   --->   Operation 185 'nbreadreq' 'tmp_1_7' <Predicate = (icmp_ln298_3 & tmp_37)> <Delay = 0.00> <Core = "FIFO">   --->   Core 32 'FIFO' <Latency = 0> <II = 1> <Delay = 3.63> <Storage> <Opcode : 'read' 'write' 'nbread' 'nbwrite'> <Ports = 0> <Width = 16> <Depth = 2> <FIFO>
ST_4 : Operation 186 [1/1] (1.76ns)   --->   "br i1 %tmp_1_7, label %branch399, label %_ZN8ap_fixedILi16ELi8EL9ap_q_mode5EL9ap_o_mode3ELi0EEC1Ei.exit.3" [src/yolo_conv.cpp:308]   --->   Operation 186 'br' <Predicate = (icmp_ln298_3 & tmp_37)> <Delay = 1.76>
ST_4 : Operation 187 [1/1] (1.55ns)   --->   "%icmp_ln321_3 = icmp eq i8 %add_ln297_1, %sext_ln321_1" [src/yolo_conv.cpp:321]   --->   Operation 187 'icmp' 'icmp_ln321_3' <Predicate = (icmp_ln298_3 & tmp_37)> <Delay = 1.55> <Core = "Cmp">   --->   Core 25 'Cmp' <Latency = 0> <II = 1> <Delay = 1.55> <FuncUnit> <Opcode : 'icmp'> <InPorts = 2> <OutPorts = 1>
ST_4 : Operation 188 [1/1] (0.97ns)   --->   "%tmp_last_V_3 = and i1 %icmp_ln321_3, %last_V_read" [src/yolo_conv.cpp:321]   --->   Operation 188 'and' 'tmp_last_V_3' <Predicate = (icmp_ln298_3 & tmp_37)> <Delay = 0.97> <Core = "LogicGate">   --->   Core 27 'LogicGate' <Latency = 0> <II = 1> <Delay = 0.97> <FuncUnit> <Opcode : 'and' 'or' 'xor'> <InPorts = 2> <OutPorts = 1>
ST_4 : Operation 189 [1/1] (0.97ns)   --->   "%tmp_last_V_4 = and i1 %icmp_ln321_4, %last_V_read" [src/yolo_conv.cpp:321]   --->   Operation 189 'and' 'tmp_last_V_4' <Predicate = (icmp_ln298_4 & tmp_38)> <Delay = 0.97> <Core = "LogicGate">   --->   Core 27 'LogicGate' <Latency = 0> <II = 1> <Delay = 0.97> <FuncUnit> <Opcode : 'and' 'or' 'xor'> <InPorts = 2> <OutPorts = 1>
ST_4 : Operation 190 [1/1] (1.91ns)   --->   "%add_ln297_3 = add i8 %sub_ln297, 5" [src/yolo_conv.cpp:297]   --->   Operation 190 'add' 'add_ln297_3' <Predicate = true> <Delay = 1.91> <Core = "AddSub">   --->   Core 14 'AddSub' <Latency = 0> <II = 1> <Delay = 1.91> <FuncUnit> <Opcode : 'add' 'sub'> <InPorts = 2> <OutPorts = 1>
ST_4 : Operation 191 [1/1] (0.00ns)   --->   "%tmp_276 = call i5 @_ssdm_op_PartSelect.i5.i8.i32.i32(i8 %add_ln297_3, i32 3, i32 7)" [src/yolo_conv.cpp:298]   --->   Operation 191 'partselect' 'tmp_276' <Predicate = true> <Delay = 0.00>
ST_4 : Operation 192 [1/1] (1.36ns)   --->   "%icmp_ln298_5 = icmp slt i5 %tmp_276, 1" [src/yolo_conv.cpp:298]   --->   Operation 192 'icmp' 'icmp_ln298_5' <Predicate = true> <Delay = 1.36> <Core = "Cmp">   --->   Core 25 'Cmp' <Latency = 0> <II = 1> <Delay = 1.55> <FuncUnit> <Opcode : 'icmp'> <InPorts = 2> <OutPorts = 1>
ST_4 : Operation 193 [1/1] (0.00ns)   --->   "br i1 %icmp_ln298_5, label %branch180, label %._crit_edge.5" [src/yolo_conv.cpp:298]   --->   Operation 193 'br' <Predicate = true> <Delay = 0.00>
ST_4 : Operation 194 [1/1] (0.00ns)   --->   "%tmp_39 = call i1 @_ssdm_op_NbReadReq.ap_fifo.i16P(i16* %out_stream_group_20_V_V, i32 1)" [src/yolo_conv.cpp:299]   --->   Operation 194 'nbreadreq' 'tmp_39' <Predicate = (icmp_ln298_5)> <Delay = 0.00> <Core = "FIFO">   --->   Core 32 'FIFO' <Latency = 0> <II = 1> <Delay = 3.63> <Storage> <Opcode : 'read' 'write' 'nbread' 'nbwrite'> <Ports = 0> <Width = 16> <Depth = 2> <FIFO>
ST_4 : Operation 195 [1/1] (0.00ns)   --->   "%tmp_1_9 = call i1 @_ssdm_op_NbReadReq.ap_fifo.i16P(i16* %out_stream_group_23_V_V, i32 1)" [src/yolo_conv.cpp:308]   --->   Operation 195 'nbreadreq' 'tmp_1_9' <Predicate = (icmp_ln298_5 & tmp_39)> <Delay = 0.00> <Core = "FIFO">   --->   Core 32 'FIFO' <Latency = 0> <II = 1> <Delay = 3.63> <Storage> <Opcode : 'read' 'write' 'nbread' 'nbwrite'> <Ports = 0> <Width = 16> <Depth = 2> <FIFO>
ST_4 : Operation 196 [1/1] (1.55ns)   --->   "%icmp_ln321_5 = icmp eq i8 %add_ln297_3, %sext_ln321_1" [src/yolo_conv.cpp:321]   --->   Operation 196 'icmp' 'icmp_ln321_5' <Predicate = (icmp_ln298_5 & tmp_39)> <Delay = 1.55> <Core = "Cmp">   --->   Core 25 'Cmp' <Latency = 0> <II = 1> <Delay = 1.55> <FuncUnit> <Opcode : 'icmp'> <InPorts = 2> <OutPorts = 1>
ST_4 : Operation 197 [1/1] (0.97ns)   --->   "%tmp_last_V_5 = and i1 %icmp_ln321_5, %last_V_read" [src/yolo_conv.cpp:321]   --->   Operation 197 'and' 'tmp_last_V_5' <Predicate = (icmp_ln298_5 & tmp_39)> <Delay = 0.97> <Core = "LogicGate">   --->   Core 27 'LogicGate' <Latency = 0> <II = 1> <Delay = 0.97> <FuncUnit> <Opcode : 'and' 'or' 'xor'> <InPorts = 2> <OutPorts = 1>

State 5 <SV = 4> <Delay = 5.05>
ST_5 : Operation 198 [1/1] (3.28ns)   --->   "%tmp_V_59 = call i16 @_ssdm_op_Read.ap_fifo.volatile.i16P(i16* %out_stream_group_12_V_V)" [src/yolo_conv.cpp:303]   --->   Operation 198 'read' 'tmp_V_59' <Predicate = (icmp_ln298_3 & tmp_37)> <Delay = 3.28> <Core = "FIFO">   --->   Core 32 'FIFO' <Latency = 0> <II = 1> <Delay = 3.63> <Storage> <Opcode : 'read' 'write' 'nbread' 'nbwrite'> <Ports = 0> <Width = 16> <Depth = 2> <FIFO>
ST_5 : Operation 199 [1/1] (3.28ns)   --->   "%tmp_V_60 = call i16 @_ssdm_op_Read.ap_fifo.volatile.i16P(i16* %out_stream_group_13_V_V)" [src/yolo_conv.cpp:304]   --->   Operation 199 'read' 'tmp_V_60' <Predicate = (icmp_ln298_3 & tmp_37)> <Delay = 3.28> <Core = "FIFO">   --->   Core 32 'FIFO' <Latency = 0> <II = 1> <Delay = 3.63> <Storage> <Opcode : 'read' 'write' 'nbread' 'nbwrite'> <Ports = 0> <Width = 16> <Depth = 2> <FIFO>
ST_5 : Operation 200 [1/1] (3.28ns)   --->   "%tmp_V_61 = call i16 @_ssdm_op_Read.ap_fifo.volatile.i16P(i16* %out_stream_group_14_V_V)" [src/yolo_conv.cpp:305]   --->   Operation 200 'read' 'tmp_V_61' <Predicate = (icmp_ln298_3 & tmp_37)> <Delay = 3.28> <Core = "FIFO">   --->   Core 32 'FIFO' <Latency = 0> <II = 1> <Delay = 3.63> <Storage> <Opcode : 'read' 'write' 'nbread' 'nbwrite'> <Ports = 0> <Width = 16> <Depth = 2> <FIFO>
ST_5 : Operation 201 [1/1] (3.28ns)   --->   "%tmp_V_62 = call i16 @_ssdm_op_Read.ap_fifo.volatile.i16P(i16* %out_stream_group_15_V_V)" [src/yolo_conv.cpp:310]   --->   Operation 201 'read' 'tmp_V_62' <Predicate = (icmp_ln298_3 & tmp_37 & tmp_1_7)> <Delay = 3.28> <Core = "FIFO">   --->   Core 32 'FIFO' <Latency = 0> <II = 1> <Delay = 3.63> <Storage> <Opcode : 'read' 'write' 'nbread' 'nbwrite'> <Ports = 0> <Width = 16> <Depth = 2> <FIFO>
ST_5 : Operation 202 [1/1] (1.76ns)   --->   "br label %_ZN8ap_fixedILi16ELi8EL9ap_q_mode5EL9ap_o_mode3ELi0EEC1Ei.exit.3" [src/yolo_conv.cpp:311]   --->   Operation 202 'br' <Predicate = (icmp_ln298_3 & tmp_37 & tmp_1_7)> <Delay = 1.76>
ST_5 : Operation 203 [1/1] (0.00ns)   --->   "%empty_53 = phi i16 [ %tmp_V_62, %branch399 ], [ 0, %branch524 ]"   --->   Operation 203 'phi' 'empty_53' <Predicate = (icmp_ln298_3 & tmp_37)> <Delay = 0.00>
ST_5 : Operation 204 [1/1] (0.00ns)   --->   "%tmp_data_3 = call i64 @_ssdm_op_BitConcatenate.i64.i16.i16.i16.i16(i16 %empty_53, i16 %tmp_V_61, i16 %tmp_V_60, i16 %tmp_V_59)" [src/yolo_conv.cpp:328]   --->   Operation 204 'bitconcatenate' 'tmp_data_3' <Predicate = (icmp_ln298_3 & tmp_37)> <Delay = 0.00>
ST_5 : Operation 205 [1/1] (0.00ns)   --->   "call void @_ssdm_op_Write.axis.volatile.i64P.i8P.i8P.i2P.i1P.i5P.i6P(i64* %outStream_V_data, i8* %outStream_V_keep_V, i8* %outStream_V_strb_V, i2* %outStream_V_user_V, i1* %outStream_V_last_V, i5* %outStream_V_id_V, i6* %outStream_V_dest_V, i64 %tmp_data_3, i8 %tmp_keep_V, i8 %tmp_strb_V, i2 %tmp_user_V, i1 %tmp_last_V_3, i5 %tmp_id_V, i6 %tmp_dest_V)" [src/yolo_conv.cpp:328]   --->   Operation 205 'write' <Predicate = (icmp_ln298_3 & tmp_37)> <Delay = 0.00> <Core = "AXI4Stream">   --->   Core 5 'AXI4Stream' <Latency = 0> <II = 1> <Delay = 1.00> <Adapter> <Opcode : >
ST_5 : Operation 206 [1/1] (3.28ns)   --->   "%tmp_V_66 = call i16 @_ssdm_op_Read.ap_fifo.volatile.i16P(i16* %out_stream_group_19_V_V)" [src/yolo_conv.cpp:310]   --->   Operation 206 'read' 'tmp_V_66' <Predicate = (icmp_ln298_4 & tmp_38 & tmp_1_8)> <Delay = 3.28> <Core = "FIFO">   --->   Core 32 'FIFO' <Latency = 0> <II = 1> <Delay = 3.63> <Storage> <Opcode : 'read' 'write' 'nbread' 'nbwrite'> <Ports = 0> <Width = 16> <Depth = 2> <FIFO>
ST_5 : Operation 207 [1/1] (1.76ns)   --->   "br label %_ZN8ap_fixedILi16ELi8EL9ap_q_mode5EL9ap_o_mode3ELi0EEC1Ei.exit.4" [src/yolo_conv.cpp:311]   --->   Operation 207 'br' <Predicate = (icmp_ln298_4 & tmp_38 & tmp_1_8)> <Delay = 1.76>

State 6 <SV = 5> <Delay = 3.28>
ST_6 : Operation 208 [1/1] (3.28ns)   --->   "%tmp_V_63 = call i16 @_ssdm_op_Read.ap_fifo.volatile.i16P(i16* %out_stream_group_16_V_V)" [src/yolo_conv.cpp:303]   --->   Operation 208 'read' 'tmp_V_63' <Predicate = (icmp_ln298_4 & tmp_38)> <Delay = 3.28> <Core = "FIFO">   --->   Core 32 'FIFO' <Latency = 0> <II = 1> <Delay = 3.63> <Storage> <Opcode : 'read' 'write' 'nbread' 'nbwrite'> <Ports = 0> <Width = 16> <Depth = 2> <FIFO>
ST_6 : Operation 209 [1/1] (3.28ns)   --->   "%tmp_V_64 = call i16 @_ssdm_op_Read.ap_fifo.volatile.i16P(i16* %out_stream_group_17_V_V)" [src/yolo_conv.cpp:304]   --->   Operation 209 'read' 'tmp_V_64' <Predicate = (icmp_ln298_4 & tmp_38)> <Delay = 3.28> <Core = "FIFO">   --->   Core 32 'FIFO' <Latency = 0> <II = 1> <Delay = 3.63> <Storage> <Opcode : 'read' 'write' 'nbread' 'nbwrite'> <Ports = 0> <Width = 16> <Depth = 2> <FIFO>
ST_6 : Operation 210 [1/1] (3.28ns)   --->   "%tmp_V_65 = call i16 @_ssdm_op_Read.ap_fifo.volatile.i16P(i16* %out_stream_group_18_V_V)" [src/yolo_conv.cpp:305]   --->   Operation 210 'read' 'tmp_V_65' <Predicate = (icmp_ln298_4 & tmp_38)> <Delay = 3.28> <Core = "FIFO">   --->   Core 32 'FIFO' <Latency = 0> <II = 1> <Delay = 3.63> <Storage> <Opcode : 'read' 'write' 'nbread' 'nbwrite'> <Ports = 0> <Width = 16> <Depth = 2> <FIFO>
ST_6 : Operation 211 [1/1] (0.00ns)   --->   "%empty_54 = phi i16 [ %tmp_V_66, %branch211 ], [ 0, %branch336 ]"   --->   Operation 211 'phi' 'empty_54' <Predicate = (icmp_ln298_4 & tmp_38)> <Delay = 0.00>
ST_6 : Operation 212 [1/1] (0.00ns)   --->   "%tmp_data_4 = call i64 @_ssdm_op_BitConcatenate.i64.i16.i16.i16.i16(i16 %empty_54, i16 %tmp_V_65, i16 %tmp_V_64, i16 %tmp_V_63)" [src/yolo_conv.cpp:328]   --->   Operation 212 'bitconcatenate' 'tmp_data_4' <Predicate = (icmp_ln298_4 & tmp_38)> <Delay = 0.00>
ST_6 : Operation 213 [1/1] (0.00ns)   --->   "call void @_ssdm_op_Write.axis.volatile.i64P.i8P.i8P.i2P.i1P.i5P.i6P(i64* %outStream_V_data, i8* %outStream_V_keep_V, i8* %outStream_V_strb_V, i2* %outStream_V_user_V, i1* %outStream_V_last_V, i5* %outStream_V_id_V, i6* %outStream_V_dest_V, i64 %tmp_data_4, i8 %tmp_keep_V, i8 %tmp_strb_V, i2 %tmp_user_V, i1 %tmp_last_V_4, i5 %tmp_id_V, i6 %tmp_dest_V)" [src/yolo_conv.cpp:328]   --->   Operation 213 'write' <Predicate = (icmp_ln298_4 & tmp_38)> <Delay = 0.00> <Core = "AXI4Stream">   --->   Core 5 'AXI4Stream' <Latency = 0> <II = 1> <Delay = 1.00> <Adapter> <Opcode : >
ST_6 : Operation 214 [1/1] (3.28ns)   --->   "%tmp_V_67 = call i16 @_ssdm_op_Read.ap_fifo.volatile.i16P(i16* %out_stream_group_20_V_V)" [src/yolo_conv.cpp:303]   --->   Operation 214 'read' 'tmp_V_67' <Predicate = (icmp_ln298_5 & tmp_39)> <Delay = 3.28> <Core = "FIFO">   --->   Core 32 'FIFO' <Latency = 0> <II = 1> <Delay = 3.63> <Storage> <Opcode : 'read' 'write' 'nbread' 'nbwrite'> <Ports = 0> <Width = 16> <Depth = 2> <FIFO>
ST_6 : Operation 215 [1/1] (3.28ns)   --->   "%tmp_V_68 = call i16 @_ssdm_op_Read.ap_fifo.volatile.i16P(i16* %out_stream_group_21_V_V)" [src/yolo_conv.cpp:304]   --->   Operation 215 'read' 'tmp_V_68' <Predicate = (icmp_ln298_5 & tmp_39)> <Delay = 3.28> <Core = "FIFO">   --->   Core 32 'FIFO' <Latency = 0> <II = 1> <Delay = 3.63> <Storage> <Opcode : 'read' 'write' 'nbread' 'nbwrite'> <Ports = 0> <Width = 16> <Depth = 2> <FIFO>
ST_6 : Operation 216 [1/1] (3.28ns)   --->   "%tmp_V_69 = call i16 @_ssdm_op_Read.ap_fifo.volatile.i16P(i16* %out_stream_group_22_V_V)" [src/yolo_conv.cpp:305]   --->   Operation 216 'read' 'tmp_V_69' <Predicate = (icmp_ln298_5 & tmp_39)> <Delay = 3.28> <Core = "FIFO">   --->   Core 32 'FIFO' <Latency = 0> <II = 1> <Delay = 3.63> <Storage> <Opcode : 'read' 'write' 'nbread' 'nbwrite'> <Ports = 0> <Width = 16> <Depth = 2> <FIFO>
ST_6 : Operation 217 [1/1] (1.76ns)   --->   "br i1 %tmp_1_9, label %branch23, label %_ZN8ap_fixedILi16ELi8EL9ap_q_mode5EL9ap_o_mode3ELi0EEC1Ei.exit.5" [src/yolo_conv.cpp:308]   --->   Operation 217 'br' <Predicate = (icmp_ln298_5 & tmp_39)> <Delay = 1.76>
ST_6 : Operation 218 [1/1] (3.28ns)   --->   "%tmp_V_70 = call i16 @_ssdm_op_Read.ap_fifo.volatile.i16P(i16* %out_stream_group_23_V_V)" [src/yolo_conv.cpp:310]   --->   Operation 218 'read' 'tmp_V_70' <Predicate = (icmp_ln298_5 & tmp_39 & tmp_1_9)> <Delay = 3.28> <Core = "FIFO">   --->   Core 32 'FIFO' <Latency = 0> <II = 1> <Delay = 3.63> <Storage> <Opcode : 'read' 'write' 'nbread' 'nbwrite'> <Ports = 0> <Width = 16> <Depth = 2> <FIFO>
ST_6 : Operation 219 [1/1] (1.76ns)   --->   "br label %_ZN8ap_fixedILi16ELi8EL9ap_q_mode5EL9ap_o_mode3ELi0EEC1Ei.exit.5" [src/yolo_conv.cpp:311]   --->   Operation 219 'br' <Predicate = (icmp_ln298_5 & tmp_39 & tmp_1_9)> <Delay = 1.76>

State 7 <SV = 6> <Delay = 0.00>
ST_7 : Operation 220 [1/1] (0.00ns)   --->   "call void (...)* @_ssdm_op_SpecInterface(i16* %out_stream_group_31_V_V, [8 x i8]* @ap_fifo_str, i32 0, i32 0, [1 x i8]* @p_str825, i32 0, i32 0, [1 x i8]* @p_str826, [1 x i8]* @p_str827, [1 x i8]* @p_str828, i32 2, i32 2, i32 16, i32 16, [1 x i8]* @p_str829, [1 x i8]* @p_str830)"   --->   Operation 220 'specinterface' <Predicate = true> <Delay = 0.00>
ST_7 : Operation 221 [1/1] (0.00ns)   --->   "call void (...)* @_ssdm_op_SpecInterface(i16* %out_stream_group_30_V_V, [8 x i8]* @ap_fifo_str, i32 0, i32 0, [1 x i8]* @p_str818, i32 0, i32 0, [1 x i8]* @p_str819, [1 x i8]* @p_str820, [1 x i8]* @p_str821, i32 2, i32 2, i32 16, i32 16, [1 x i8]* @p_str822, [1 x i8]* @p_str823)"   --->   Operation 221 'specinterface' <Predicate = true> <Delay = 0.00>
ST_7 : Operation 222 [1/1] (0.00ns)   --->   "call void (...)* @_ssdm_op_SpecInterface(i16* %out_stream_group_29_V_V, [8 x i8]* @ap_fifo_str, i32 0, i32 0, [1 x i8]* @p_str811, i32 0, i32 0, [1 x i8]* @p_str812, [1 x i8]* @p_str813, [1 x i8]* @p_str814, i32 2, i32 2, i32 16, i32 16, [1 x i8]* @p_str815, [1 x i8]* @p_str816)"   --->   Operation 222 'specinterface' <Predicate = true> <Delay = 0.00>
ST_7 : Operation 223 [1/1] (0.00ns)   --->   "call void (...)* @_ssdm_op_SpecInterface(i16* %out_stream_group_28_V_V, [8 x i8]* @ap_fifo_str, i32 0, i32 0, [1 x i8]* @p_str804, i32 0, i32 0, [1 x i8]* @p_str805, [1 x i8]* @p_str806, [1 x i8]* @p_str807, i32 2, i32 2, i32 16, i32 16, [1 x i8]* @p_str808, [1 x i8]* @p_str809)"   --->   Operation 223 'specinterface' <Predicate = true> <Delay = 0.00>
ST_7 : Operation 224 [1/1] (0.00ns)   --->   "call void (...)* @_ssdm_op_SpecInterface(i16* %out_stream_group_27_V_V, [8 x i8]* @ap_fifo_str, i32 0, i32 0, [1 x i8]* @p_str797, i32 0, i32 0, [1 x i8]* @p_str798, [1 x i8]* @p_str799, [1 x i8]* @p_str800, i32 2, i32 2, i32 16, i32 16, [1 x i8]* @p_str801, [1 x i8]* @p_str802)"   --->   Operation 224 'specinterface' <Predicate = true> <Delay = 0.00>
ST_7 : Operation 225 [1/1] (0.00ns)   --->   "call void (...)* @_ssdm_op_SpecInterface(i16* %out_stream_group_26_V_V, [8 x i8]* @ap_fifo_str, i32 0, i32 0, [1 x i8]* @p_str790, i32 0, i32 0, [1 x i8]* @p_str791, [1 x i8]* @p_str792, [1 x i8]* @p_str793, i32 2, i32 2, i32 16, i32 16, [1 x i8]* @p_str794, [1 x i8]* @p_str795)"   --->   Operation 225 'specinterface' <Predicate = true> <Delay = 0.00>
ST_7 : Operation 226 [1/1] (0.00ns)   --->   "call void (...)* @_ssdm_op_SpecInterface(i16* %out_stream_group_25_V_V, [8 x i8]* @ap_fifo_str, i32 0, i32 0, [1 x i8]* @p_str783, i32 0, i32 0, [1 x i8]* @p_str784, [1 x i8]* @p_str785, [1 x i8]* @p_str786, i32 2, i32 2, i32 16, i32 16, [1 x i8]* @p_str787, [1 x i8]* @p_str788)"   --->   Operation 226 'specinterface' <Predicate = true> <Delay = 0.00>
ST_7 : Operation 227 [1/1] (0.00ns)   --->   "call void (...)* @_ssdm_op_SpecInterface(i16* %out_stream_group_24_V_V, [8 x i8]* @ap_fifo_str, i32 0, i32 0, [1 x i8]* @p_str776, i32 0, i32 0, [1 x i8]* @p_str777, [1 x i8]* @p_str778, [1 x i8]* @p_str779, i32 2, i32 2, i32 16, i32 16, [1 x i8]* @p_str780, [1 x i8]* @p_str781)"   --->   Operation 227 'specinterface' <Predicate = true> <Delay = 0.00>
ST_7 : Operation 228 [1/1] (0.00ns)   --->   "call void (...)* @_ssdm_op_SpecInterface(i16* %out_stream_group_23_V_V, [8 x i8]* @ap_fifo_str, i32 0, i32 0, [1 x i8]* @p_str769, i32 0, i32 0, [1 x i8]* @p_str770, [1 x i8]* @p_str771, [1 x i8]* @p_str772, i32 2, i32 2, i32 16, i32 16, [1 x i8]* @p_str773, [1 x i8]* @p_str774)"   --->   Operation 228 'specinterface' <Predicate = true> <Delay = 0.00>
ST_7 : Operation 229 [1/1] (0.00ns)   --->   "call void (...)* @_ssdm_op_SpecInterface(i16* %out_stream_group_22_V_V, [8 x i8]* @ap_fifo_str, i32 0, i32 0, [1 x i8]* @p_str762, i32 0, i32 0, [1 x i8]* @p_str763, [1 x i8]* @p_str764, [1 x i8]* @p_str765, i32 2, i32 2, i32 16, i32 16, [1 x i8]* @p_str766, [1 x i8]* @p_str767)"   --->   Operation 229 'specinterface' <Predicate = true> <Delay = 0.00>
ST_7 : Operation 230 [1/1] (0.00ns)   --->   "call void (...)* @_ssdm_op_SpecInterface(i16* %out_stream_group_21_V_V, [8 x i8]* @ap_fifo_str, i32 0, i32 0, [1 x i8]* @p_str755, i32 0, i32 0, [1 x i8]* @p_str756, [1 x i8]* @p_str757, [1 x i8]* @p_str758, i32 2, i32 2, i32 16, i32 16, [1 x i8]* @p_str759, [1 x i8]* @p_str760)"   --->   Operation 230 'specinterface' <Predicate = true> <Delay = 0.00>
ST_7 : Operation 231 [1/1] (0.00ns)   --->   "call void (...)* @_ssdm_op_SpecInterface(i16* %out_stream_group_20_V_V, [8 x i8]* @ap_fifo_str, i32 0, i32 0, [1 x i8]* @p_str748, i32 0, i32 0, [1 x i8]* @p_str749, [1 x i8]* @p_str750, [1 x i8]* @p_str751, i32 2, i32 2, i32 16, i32 16, [1 x i8]* @p_str752, [1 x i8]* @p_str753)"   --->   Operation 231 'specinterface' <Predicate = true> <Delay = 0.00>
ST_7 : Operation 232 [1/1] (0.00ns)   --->   "call void (...)* @_ssdm_op_SpecInterface(i16* %out_stream_group_19_V_V, [8 x i8]* @ap_fifo_str, i32 0, i32 0, [1 x i8]* @p_str741, i32 0, i32 0, [1 x i8]* @p_str742, [1 x i8]* @p_str743, [1 x i8]* @p_str744, i32 2, i32 2, i32 16, i32 16, [1 x i8]* @p_str745, [1 x i8]* @p_str746)"   --->   Operation 232 'specinterface' <Predicate = true> <Delay = 0.00>
ST_7 : Operation 233 [1/1] (0.00ns)   --->   "call void (...)* @_ssdm_op_SpecInterface(i16* %out_stream_group_18_V_V, [8 x i8]* @ap_fifo_str, i32 0, i32 0, [1 x i8]* @p_str734, i32 0, i32 0, [1 x i8]* @p_str735, [1 x i8]* @p_str736, [1 x i8]* @p_str737, i32 2, i32 2, i32 16, i32 16, [1 x i8]* @p_str738, [1 x i8]* @p_str739)"   --->   Operation 233 'specinterface' <Predicate = true> <Delay = 0.00>
ST_7 : Operation 234 [1/1] (0.00ns)   --->   "call void (...)* @_ssdm_op_SpecInterface(i16* %out_stream_group_17_V_V, [8 x i8]* @ap_fifo_str, i32 0, i32 0, [1 x i8]* @p_str727, i32 0, i32 0, [1 x i8]* @p_str728, [1 x i8]* @p_str729, [1 x i8]* @p_str730, i32 2, i32 2, i32 16, i32 16, [1 x i8]* @p_str731, [1 x i8]* @p_str732)"   --->   Operation 234 'specinterface' <Predicate = true> <Delay = 0.00>
ST_7 : Operation 235 [1/1] (0.00ns)   --->   "call void (...)* @_ssdm_op_SpecInterface(i16* %out_stream_group_16_V_V, [8 x i8]* @ap_fifo_str, i32 0, i32 0, [1 x i8]* @p_str720, i32 0, i32 0, [1 x i8]* @p_str721, [1 x i8]* @p_str722, [1 x i8]* @p_str723, i32 2, i32 2, i32 16, i32 16, [1 x i8]* @p_str724, [1 x i8]* @p_str725)"   --->   Operation 235 'specinterface' <Predicate = true> <Delay = 0.00>
ST_7 : Operation 236 [1/1] (0.00ns)   --->   "call void (...)* @_ssdm_op_SpecInterface(i16* %out_stream_group_15_V_V, [8 x i8]* @ap_fifo_str, i32 0, i32 0, [1 x i8]* @p_str713, i32 0, i32 0, [1 x i8]* @p_str714, [1 x i8]* @p_str715, [1 x i8]* @p_str716, i32 2, i32 2, i32 16, i32 16, [1 x i8]* @p_str717, [1 x i8]* @p_str718)"   --->   Operation 236 'specinterface' <Predicate = true> <Delay = 0.00>
ST_7 : Operation 237 [1/1] (0.00ns)   --->   "call void (...)* @_ssdm_op_SpecInterface(i16* %out_stream_group_14_V_V, [8 x i8]* @ap_fifo_str, i32 0, i32 0, [1 x i8]* @p_str706, i32 0, i32 0, [1 x i8]* @p_str707, [1 x i8]* @p_str708, [1 x i8]* @p_str709, i32 2, i32 2, i32 16, i32 16, [1 x i8]* @p_str710, [1 x i8]* @p_str711)"   --->   Operation 237 'specinterface' <Predicate = true> <Delay = 0.00>
ST_7 : Operation 238 [1/1] (0.00ns)   --->   "call void (...)* @_ssdm_op_SpecInterface(i16* %out_stream_group_13_V_V, [8 x i8]* @ap_fifo_str, i32 0, i32 0, [1 x i8]* @p_str699, i32 0, i32 0, [1 x i8]* @p_str700, [1 x i8]* @p_str701, [1 x i8]* @p_str702, i32 2, i32 2, i32 16, i32 16, [1 x i8]* @p_str703, [1 x i8]* @p_str704)"   --->   Operation 238 'specinterface' <Predicate = true> <Delay = 0.00>
ST_7 : Operation 239 [1/1] (0.00ns)   --->   "call void (...)* @_ssdm_op_SpecInterface(i16* %out_stream_group_12_V_V, [8 x i8]* @ap_fifo_str, i32 0, i32 0, [1 x i8]* @p_str692, i32 0, i32 0, [1 x i8]* @p_str693, [1 x i8]* @p_str694, [1 x i8]* @p_str695, i32 2, i32 2, i32 16, i32 16, [1 x i8]* @p_str696, [1 x i8]* @p_str697)"   --->   Operation 239 'specinterface' <Predicate = true> <Delay = 0.00>
ST_7 : Operation 240 [1/1] (0.00ns)   --->   "call void (...)* @_ssdm_op_SpecInterface(i16* %out_stream_group_11_V_V, [8 x i8]* @ap_fifo_str, i32 0, i32 0, [1 x i8]* @p_str685, i32 0, i32 0, [1 x i8]* @p_str686, [1 x i8]* @p_str687, [1 x i8]* @p_str688, i32 2, i32 2, i32 16, i32 16, [1 x i8]* @p_str689, [1 x i8]* @p_str690)"   --->   Operation 240 'specinterface' <Predicate = true> <Delay = 0.00>
ST_7 : Operation 241 [1/1] (0.00ns)   --->   "call void (...)* @_ssdm_op_SpecInterface(i16* %out_stream_group_10_V_V, [8 x i8]* @ap_fifo_str, i32 0, i32 0, [1 x i8]* @p_str678, i32 0, i32 0, [1 x i8]* @p_str679, [1 x i8]* @p_str680, [1 x i8]* @p_str681, i32 2, i32 2, i32 16, i32 16, [1 x i8]* @p_str682, [1 x i8]* @p_str683)"   --->   Operation 241 'specinterface' <Predicate = true> <Delay = 0.00>
ST_7 : Operation 242 [1/1] (0.00ns)   --->   "call void (...)* @_ssdm_op_SpecInterface(i16* %out_stream_group_9_V_V, [8 x i8]* @ap_fifo_str, i32 0, i32 0, [1 x i8]* @p_str671, i32 0, i32 0, [1 x i8]* @p_str672, [1 x i8]* @p_str673, [1 x i8]* @p_str674, i32 2, i32 2, i32 16, i32 16, [1 x i8]* @p_str675, [1 x i8]* @p_str676)"   --->   Operation 242 'specinterface' <Predicate = true> <Delay = 0.00>
ST_7 : Operation 243 [1/1] (0.00ns)   --->   "call void (...)* @_ssdm_op_SpecInterface(i16* %out_stream_group_8_V_V, [8 x i8]* @ap_fifo_str, i32 0, i32 0, [1 x i8]* @p_str664, i32 0, i32 0, [1 x i8]* @p_str665, [1 x i8]* @p_str666, [1 x i8]* @p_str667, i32 2, i32 2, i32 16, i32 16, [1 x i8]* @p_str668, [1 x i8]* @p_str669)"   --->   Operation 243 'specinterface' <Predicate = true> <Delay = 0.00>
ST_7 : Operation 244 [1/1] (0.00ns)   --->   "call void (...)* @_ssdm_op_SpecInterface(i16* %out_stream_group_7_V_V, [8 x i8]* @ap_fifo_str, i32 0, i32 0, [1 x i8]* @p_str657, i32 0, i32 0, [1 x i8]* @p_str658, [1 x i8]* @p_str659, [1 x i8]* @p_str660, i32 2, i32 2, i32 16, i32 16, [1 x i8]* @p_str661, [1 x i8]* @p_str662)"   --->   Operation 244 'specinterface' <Predicate = true> <Delay = 0.00>
ST_7 : Operation 245 [1/1] (0.00ns)   --->   "call void (...)* @_ssdm_op_SpecInterface(i16* %out_stream_group_6_V_V, [8 x i8]* @ap_fifo_str, i32 0, i32 0, [1 x i8]* @p_str650, i32 0, i32 0, [1 x i8]* @p_str651, [1 x i8]* @p_str652, [1 x i8]* @p_str653, i32 2, i32 2, i32 16, i32 16, [1 x i8]* @p_str654, [1 x i8]* @p_str655)"   --->   Operation 245 'specinterface' <Predicate = true> <Delay = 0.00>
ST_7 : Operation 246 [1/1] (0.00ns)   --->   "call void (...)* @_ssdm_op_SpecInterface(i16* %out_stream_group_5_V_V, [8 x i8]* @ap_fifo_str, i32 0, i32 0, [1 x i8]* @p_str643, i32 0, i32 0, [1 x i8]* @p_str644, [1 x i8]* @p_str645, [1 x i8]* @p_str646, i32 2, i32 2, i32 16, i32 16, [1 x i8]* @p_str647, [1 x i8]* @p_str648)"   --->   Operation 246 'specinterface' <Predicate = true> <Delay = 0.00>
ST_7 : Operation 247 [1/1] (0.00ns)   --->   "call void (...)* @_ssdm_op_SpecInterface(i16* %out_stream_group_4_V_V, [8 x i8]* @ap_fifo_str, i32 0, i32 0, [1 x i8]* @p_str636, i32 0, i32 0, [1 x i8]* @p_str637, [1 x i8]* @p_str638, [1 x i8]* @p_str639, i32 2, i32 2, i32 16, i32 16, [1 x i8]* @p_str640, [1 x i8]* @p_str641)"   --->   Operation 247 'specinterface' <Predicate = true> <Delay = 0.00>
ST_7 : Operation 248 [1/1] (0.00ns)   --->   "call void (...)* @_ssdm_op_SpecInterface(i16* %out_stream_group_3_V_V, [8 x i8]* @ap_fifo_str, i32 0, i32 0, [1 x i8]* @p_str629, i32 0, i32 0, [1 x i8]* @p_str630, [1 x i8]* @p_str631, [1 x i8]* @p_str632, i32 2, i32 2, i32 16, i32 16, [1 x i8]* @p_str633, [1 x i8]* @p_str634)"   --->   Operation 248 'specinterface' <Predicate = true> <Delay = 0.00>
ST_7 : Operation 249 [1/1] (0.00ns)   --->   "call void (...)* @_ssdm_op_SpecInterface(i16* %out_stream_group_2_V_V, [8 x i8]* @ap_fifo_str, i32 0, i32 0, [1 x i8]* @p_str622, i32 0, i32 0, [1 x i8]* @p_str623, [1 x i8]* @p_str624, [1 x i8]* @p_str625, i32 2, i32 2, i32 16, i32 16, [1 x i8]* @p_str626, [1 x i8]* @p_str627)"   --->   Operation 249 'specinterface' <Predicate = true> <Delay = 0.00>
ST_7 : Operation 250 [1/1] (0.00ns)   --->   "call void (...)* @_ssdm_op_SpecInterface(i16* %out_stream_group_1_V_V, [8 x i8]* @ap_fifo_str, i32 0, i32 0, [1 x i8]* @p_str615, i32 0, i32 0, [1 x i8]* @p_str616, [1 x i8]* @p_str617, [1 x i8]* @p_str618, i32 2, i32 2, i32 16, i32 16, [1 x i8]* @p_str619, [1 x i8]* @p_str620)"   --->   Operation 250 'specinterface' <Predicate = true> <Delay = 0.00>
ST_7 : Operation 251 [1/1] (0.00ns)   --->   "call void (...)* @_ssdm_op_SpecInterface(i16* %out_stream_group_0_V_V, [8 x i8]* @ap_fifo_str, i32 0, i32 0, [1 x i8]* @p_str608, i32 0, i32 0, [1 x i8]* @p_str609, [1 x i8]* @p_str610, [1 x i8]* @p_str611, i32 2, i32 2, i32 16, i32 16, [1 x i8]* @p_str612, [1 x i8]* @p_str613)"   --->   Operation 251 'specinterface' <Predicate = true> <Delay = 0.00>
ST_7 : Operation 252 [1/1] (0.00ns)   --->   "call void (...)* @_ssdm_op_SpecInterface(i64* %outStream_V_data, i8* %outStream_V_keep_V, i8* %outStream_V_strb_V, i2* %outStream_V_user_V, i1* %outStream_V_last_V, i5* %outStream_V_id_V, i6* %outStream_V_dest_V, [5 x i8]* @p_str3, i32 0, i32 0, [5 x i8]* @p_str4, i32 0, i32 0, [1 x i8]* @p_str1, [1 x i8]* @p_str1, [1 x i8]* @p_str1, i32 0, i32 0, i32 0, i32 0, [1 x i8]* @p_str1, [1 x i8]* @p_str1) nounwind"   --->   Operation 252 'specinterface' <Predicate = true> <Delay = 0.00>
ST_7 : Operation 253 [1/1] (0.00ns)   --->   "br label %._crit_edge2.0" [src/yolo_conv.cpp:330]   --->   Operation 253 'br' <Predicate = (icmp_ln298 & phi_ln124)> <Delay = 0.00>
ST_7 : Operation 254 [1/1] (0.00ns)   --->   "br label %._crit_edge.0" [src/yolo_conv.cpp:330]   --->   Operation 254 'br' <Predicate = (icmp_ln298)> <Delay = 0.00>
ST_7 : Operation 255 [1/1] (0.00ns)   --->   "br label %._crit_edge2.1" [src/yolo_conv.cpp:330]   --->   Operation 255 'br' <Predicate = (icmp_ln298_1 & phi_ln124_2)> <Delay = 0.00>
ST_7 : Operation 256 [1/1] (0.00ns)   --->   "br label %._crit_edge.1" [src/yolo_conv.cpp:330]   --->   Operation 256 'br' <Predicate = (icmp_ln298_1)> <Delay = 0.00>
ST_7 : Operation 257 [1/1] (0.00ns)   --->   "br label %._crit_edge2.2" [src/yolo_conv.cpp:330]   --->   Operation 257 'br' <Predicate = (icmp_ln298_2 & tmp_36)> <Delay = 0.00>
ST_7 : Operation 258 [1/1] (0.00ns)   --->   "br label %._crit_edge.2" [src/yolo_conv.cpp:330]   --->   Operation 258 'br' <Predicate = (icmp_ln298_2)> <Delay = 0.00>
ST_7 : Operation 259 [1/1] (0.00ns)   --->   "br i1 %tmp_37, label %branch524, label %._crit_edge2.3" [src/yolo_conv.cpp:299]   --->   Operation 259 'br' <Predicate = (icmp_ln298_3)> <Delay = 0.00>
ST_7 : Operation 260 [1/1] (0.00ns)   --->   "br label %._crit_edge2.3" [src/yolo_conv.cpp:330]   --->   Operation 260 'br' <Predicate = (icmp_ln298_3 & tmp_37)> <Delay = 0.00>
ST_7 : Operation 261 [1/1] (0.00ns)   --->   "br label %._crit_edge.3" [src/yolo_conv.cpp:330]   --->   Operation 261 'br' <Predicate = (icmp_ln298_3)> <Delay = 0.00>
ST_7 : Operation 262 [1/1] (0.00ns)   --->   "br label %._crit_edge2.4" [src/yolo_conv.cpp:330]   --->   Operation 262 'br' <Predicate = (icmp_ln298_4 & tmp_38)> <Delay = 0.00>
ST_7 : Operation 263 [1/1] (0.00ns)   --->   "br label %._crit_edge.4" [src/yolo_conv.cpp:330]   --->   Operation 263 'br' <Predicate = (icmp_ln298_4)> <Delay = 0.00>
ST_7 : Operation 264 [1/1] (0.00ns)   --->   "br i1 %tmp_39, label %branch148, label %._crit_edge2.5" [src/yolo_conv.cpp:299]   --->   Operation 264 'br' <Predicate = (icmp_ln298_5)> <Delay = 0.00>
ST_7 : Operation 265 [1/1] (0.00ns)   --->   "%empty_55 = phi i16 [ %tmp_V_70, %branch23 ], [ 0, %branch148 ]"   --->   Operation 265 'phi' 'empty_55' <Predicate = (icmp_ln298_5 & tmp_39)> <Delay = 0.00>
ST_7 : Operation 266 [1/1] (0.00ns)   --->   "%tmp_data_5 = call i64 @_ssdm_op_BitConcatenate.i64.i16.i16.i16.i16(i16 %empty_55, i16 %tmp_V_69, i16 %tmp_V_68, i16 %tmp_V_67)" [src/yolo_conv.cpp:328]   --->   Operation 266 'bitconcatenate' 'tmp_data_5' <Predicate = (icmp_ln298_5 & tmp_39)> <Delay = 0.00>
ST_7 : Operation 267 [1/1] (0.00ns)   --->   "call void @_ssdm_op_Write.axis.volatile.i64P.i8P.i8P.i2P.i1P.i5P.i6P(i64* %outStream_V_data, i8* %outStream_V_keep_V, i8* %outStream_V_strb_V, i2* %outStream_V_user_V, i1* %outStream_V_last_V, i5* %outStream_V_id_V, i6* %outStream_V_dest_V, i64 %tmp_data_5, i8 %tmp_keep_V, i8 %tmp_strb_V, i2 %tmp_user_V, i1 %tmp_last_V_5, i5 %tmp_id_V, i6 %tmp_dest_V)" [src/yolo_conv.cpp:328]   --->   Operation 267 'write' <Predicate = (icmp_ln298_5 & tmp_39)> <Delay = 0.00> <Core = "AXI4Stream">   --->   Core 5 'AXI4Stream' <Latency = 0> <II = 1> <Delay = 1.00> <Adapter> <Opcode : >
ST_7 : Operation 268 [1/1] (0.00ns)   --->   "br label %._crit_edge2.5" [src/yolo_conv.cpp:330]   --->   Operation 268 'br' <Predicate = (icmp_ln298_5 & tmp_39)> <Delay = 0.00>
ST_7 : Operation 269 [1/1] (0.00ns)   --->   "br label %._crit_edge.5" [src/yolo_conv.cpp:330]   --->   Operation 269 'br' <Predicate = (icmp_ln298_5)> <Delay = 0.00>
ST_7 : Operation 270 [1/1] (0.00ns)   --->   "ret void" [src/yolo_conv.cpp:333]   --->   Operation 270 'ret' <Predicate = true> <Delay = 0.00>


============================================================
+ Verbose Summary: Timing violations
============================================================
Target clock period: 7.5ns, clock uncertainty: 0.938ns.

 <State 1>: 6.13ns
The critical path consists of the following:
	wire read on port 'input_ch_idx' [87]  (0 ns)
	'sub' operation ('sub_ln297', src/yolo_conv.cpp:297) [93]  (1.87 ns)
	'add' operation ('add_ln297_2', src/yolo_conv.cpp:297) [340]  (1.92 ns)
	'icmp' operation ('icmp_ln321_4', src/yolo_conv.cpp:321) [358]  (1.55 ns)
	blocking operation 0.791 ns on control path)

 <State 2>: 5.1ns
The critical path consists of the following:
	fifo read on port 'out_stream_group_27_V_V' (src/yolo_conv.cpp:310) [163]  (3.28 ns)
	multiplexor before 'phi' operation ('tmp.V') with incoming values : ('tmp.V', src/yolo_conv.cpp:310) [169]  (1.81 ns)
	'phi' operation ('tmp.V') with incoming values : ('tmp.V', src/yolo_conv.cpp:310) [169]  (0 ns)

 <State 3>: 5.19ns
The critical path consists of the following:
	fifo read on port 'out_stream_group_23_V_V' (src/yolo_conv.cpp:310) [267]  (3.28 ns)
	multiplexor before 'phi' operation ('tmp.V') with incoming values : ('tmp.V', src/yolo_conv.cpp:310) [279]  (1.91 ns)
	'phi' operation ('tmp.V') with incoming values : ('tmp.V', src/yolo_conv.cpp:310) [279]  (0 ns)

 <State 4>: 4.44ns
The critical path consists of the following:
	'add' operation ('add_ln297_1', src/yolo_conv.cpp:297) [314]  (1.92 ns)
	'icmp' operation ('icmp_ln321_3', src/yolo_conv.cpp:321) [332]  (1.55 ns)
	'and' operation ('op2.V', src/yolo_conv.cpp:321) [333]  (0.978 ns)

 <State 5>: 5.05ns
The critical path consists of the following:
	fifo read on port 'out_stream_group_15_V_V' (src/yolo_conv.cpp:310) [328]  (3.28 ns)
	multiplexor before 'phi' operation ('tmp.V') with incoming values : ('tmp.V', src/yolo_conv.cpp:310) [331]  (1.77 ns)
	'phi' operation ('tmp.V') with incoming values : ('tmp.V', src/yolo_conv.cpp:310) [331]  (0 ns)

 <State 6>: 3.28ns
The critical path consists of the following:
	fifo read on port 'out_stream_group_16_V_V' (src/yolo_conv.cpp:303) [348]  (3.28 ns)

 <State 7>: 0ns
The critical path consists of the following:


============================================================
+ Verbose Summary: Binding
============================================================
N/A
* FSMD analyzer results:
  - Output states:
 - Input state : 
  - Chain level:
	State 1
	State 2
	State 3
	State 4
	State 5
	State 6
	State 7


============================================================
+ Verbose Summary: Datapath Resource usage 
============================================================
N/A
